jwt-smoke	Set up job	∩╗┐2025-08-19T15:25:07.0292089Z Current runner version: '2.327.1'
jwt-smoke	Set up job	2025-08-19T15:25:07.0316727Z ##[group]Operating System
jwt-smoke	Set up job	2025-08-19T15:25:07.0317496Z Ubuntu
jwt-smoke	Set up job	2025-08-19T15:25:07.0318312Z 24.04.2
jwt-smoke	Set up job	2025-08-19T15:25:07.0318802Z LTS
jwt-smoke	Set up job	2025-08-19T15:25:07.0319253Z ##[endgroup]
jwt-smoke	Set up job	2025-08-19T15:25:07.0319838Z ##[group]Runner Image
jwt-smoke	Set up job	2025-08-19T15:25:07.0320412Z Image: ubuntu-24.04
jwt-smoke	Set up job	2025-08-19T15:25:07.0320950Z Version: 20250810.1.0
jwt-smoke	Set up job	2025-08-19T15:25:07.0322005Z Included Software: https://github.com/actions/runner-images/blob/ubuntu24/20250810.1/images/ubuntu/Ubuntu2404-Readme.md
jwt-smoke	Set up job	2025-08-19T15:25:07.0323347Z Image Release: https://github.com/actions/runner-images/releases/tag/ubuntu24%2F20250810.1
jwt-smoke	Set up job	2025-08-19T15:25:07.0324256Z ##[endgroup]
jwt-smoke	Set up job	2025-08-19T15:25:07.0324860Z ##[group]Runner Image Provisioner
jwt-smoke	Set up job	2025-08-19T15:25:07.0325417Z 2.0.449.1
jwt-smoke	Set up job	2025-08-19T15:25:07.0325883Z ##[endgroup]
jwt-smoke	Set up job	2025-08-19T15:25:07.0328751Z ##[group]GITHUB_TOKEN Permissions
jwt-smoke	Set up job	2025-08-19T15:25:07.0330690Z Actions: write
jwt-smoke	Set up job	2025-08-19T15:25:07.0331388Z At***ations: write
jwt-smoke	Set up job	2025-08-19T15:25:07.0332207Z Checks: write
jwt-smoke	Set up job	2025-08-19T15:25:07.0332769Z Contents: write
jwt-smoke	Set up job	2025-08-19T15:25:07.0333248Z Deployments: write
jwt-smoke	Set up job	2025-08-19T15:25:07.0333760Z Discussions: write
jwt-smoke	Set up job	2025-08-19T15:25:07.0334351Z Issues: write
jwt-smoke	Set up job	2025-08-19T15:25:07.0334803Z Metadata: read
jwt-smoke	Set up job	2025-08-19T15:25:07.0335288Z Models: read
jwt-smoke	Set up job	2025-08-19T15:25:07.0335822Z Packages: write
jwt-smoke	Set up job	2025-08-19T15:25:07.0336491Z Pages: write
jwt-smoke	Set up job	2025-08-19T15:25:07.0337024Z PullRequests: write
jwt-smoke	Set up job	2025-08-19T15:25:07.0337600Z RepositoryProjects: write
jwt-smoke	Set up job	2025-08-19T15:25:07.0338190Z SecurityEvents: write
jwt-smoke	Set up job	2025-08-19T15:25:07.0338727Z Statuses: write
jwt-smoke	Set up job	2025-08-19T15:25:07.0339255Z ##[endgroup]
jwt-smoke	Set up job	2025-08-19T15:25:07.0341244Z Secret source: Actions
jwt-smoke	Set up job	2025-08-19T15:25:07.0342040Z Prepare workflow directory
jwt-smoke	Set up job	2025-08-19T15:25:07.0717118Z Prepare all required actions
jwt-smoke	Set up job	2025-08-19T15:25:07.0756818Z Getting action download info
jwt-smoke	Set up job	2025-08-19T15:25:07.5110398Z Download action repository 'actions/checkout@v4' (SHA:08eba0b27e820071cde6df949e0beb9ba4906955)
jwt-smoke	Set up job	2025-08-19T15:25:08.1373162Z Complete job name: jwt-smoke
jwt-smoke	Run actions/checkout@v4	∩╗┐2025-08-19T15:25:08.2172019Z ##[group]Run actions/checkout@v4
jwt-smoke	Run actions/checkout@v4	2025-08-19T15:25:08.2173254Z with:
jwt-smoke	Run actions/checkout@v4	2025-08-19T15:25:08.2173700Z   repository: nodweb/systemupdate-web
jwt-smoke	Run actions/checkout@v4	2025-08-19T15:25:08.2174489Z   token: ***
jwt-smoke	Run actions/checkout@v4	2025-08-19T15:25:08.2174887Z   ssh-strict: true
jwt-smoke	Run actions/checkout@v4	2025-08-19T15:25:08.2175290Z   ssh-user: git
jwt-smoke	Run actions/checkout@v4	2025-08-19T15:25:08.2175694Z   persist-credentials: true
jwt-smoke	Run actions/checkout@v4	2025-08-19T15:25:08.2176136Z   clean: true
jwt-smoke	Run actions/checkout@v4	2025-08-19T15:25:08.2176712Z   sparse-checkout-cone-mode: true
jwt-smoke	Run actions/checkout@v4	2025-08-19T15:25:08.2177200Z   fetch-depth: 1
jwt-smoke	Run actions/checkout@v4	2025-08-19T15:25:08.2177600Z   fetch-tags: false
jwt-smoke	Run actions/checkout@v4	2025-08-19T15:25:08.2178005Z   show-progress: true
jwt-smoke	Run actions/checkout@v4	2025-08-19T15:25:08.2178461Z   lfs: false
jwt-smoke	Run actions/checkout@v4	2025-08-19T15:25:08.2178831Z   submodules: false
jwt-smoke	Run actions/checkout@v4	2025-08-19T15:25:08.2179249Z   set-safe-directory: true
jwt-smoke	Run actions/checkout@v4	2025-08-19T15:25:08.2179929Z env:
jwt-smoke	Run actions/checkout@v4	2025-08-19T15:25:08.2180301Z   DOCKER_BUILDKIT: 1
jwt-smoke	Run actions/checkout@v4	2025-08-19T15:25:08.2180714Z ##[endgroup]
jwt-smoke	Run actions/checkout@v4	2025-08-19T15:25:08.4359307Z Syncing repository: nodweb/systemupdate-web
jwt-smoke	Run actions/checkout@v4	2025-08-19T15:25:08.4361412Z ##[group]Getting Git version info
jwt-smoke	Run actions/checkout@v4	2025-08-19T15:25:08.4362260Z Working directory is '/home/runner/work/systemupdate-web/systemupdate-web'
jwt-smoke	Run actions/checkout@v4	2025-08-19T15:25:08.4363335Z [command]/usr/bin/git version
jwt-smoke	Run actions/checkout@v4	2025-08-19T15:25:08.4439248Z git version 2.50.1
jwt-smoke	Run actions/checkout@v4	2025-08-19T15:25:08.4469571Z ##[endgroup]
jwt-smoke	Run actions/checkout@v4	2025-08-19T15:25:08.4488385Z Temporarily overriding HOME='/home/runner/work/_temp/82164b5b-6f25-407b-82ab-bf5f90172703' before making global git config changes
jwt-smoke	Run actions/checkout@v4	2025-08-19T15:25:08.4490136Z Adding repository directory to the temporary git global config as a safe directory
jwt-smoke	Run actions/checkout@v4	2025-08-19T15:25:08.4502989Z [command]/usr/bin/git config --global --add safe.directory /home/runner/work/systemupdate-web/systemupdate-web
jwt-smoke	Run actions/checkout@v4	2025-08-19T15:25:08.4545268Z Deleting the contents of '/home/runner/work/systemupdate-web/systemupdate-web'
jwt-smoke	Run actions/checkout@v4	2025-08-19T15:25:08.4549327Z ##[group]Initializing the repository
jwt-smoke	Run actions/checkout@v4	2025-08-19T15:25:08.4554016Z [command]/usr/bin/git init /home/runner/work/systemupdate-web/systemupdate-web
jwt-smoke	Run actions/checkout@v4	2025-08-19T15:25:08.4624332Z hint: Using 'master' as the name for the initial branch. This default branch name
jwt-smoke	Run actions/checkout@v4	2025-08-19T15:25:08.4626582Z hint: is subject to change. To configure the initial branch name to use in all
jwt-smoke	Run actions/checkout@v4	2025-08-19T15:25:08.4628094Z hint: of your new repositories, which will suppress this warning, call:
jwt-smoke	Run actions/checkout@v4	2025-08-19T15:25:08.4629204Z hint:
jwt-smoke	Run actions/checkout@v4	2025-08-19T15:25:08.4629976Z hint: 	git config --global init.defaultBranch <name>
jwt-smoke	Run actions/checkout@v4	2025-08-19T15:25:08.4630936Z hint:
jwt-smoke	Run actions/checkout@v4	2025-08-19T15:25:08.4631781Z hint: Names commonly chosen instead of 'master' are 'main', 'trunk' and
jwt-smoke	Run actions/checkout@v4	2025-08-19T15:25:08.4632683Z hint: 'development'. The just-created branch can be renamed via this command:
jwt-smoke	Run actions/checkout@v4	2025-08-19T15:25:08.4633393Z hint:
jwt-smoke	Run actions/checkout@v4	2025-08-19T15:25:08.4633779Z hint: 	git branch -m <name>
jwt-smoke	Run actions/checkout@v4	2025-08-19T15:25:08.4634223Z hint:
jwt-smoke	Run actions/checkout@v4	2025-08-19T15:25:08.4635031Z hint: Disable this message with "git config set advice.defaultBranchName false"
jwt-smoke	Run actions/checkout@v4	2025-08-19T15:25:08.4636506Z Initialized empty Git repository in /home/runner/work/systemupdate-web/systemupdate-web/.git/
jwt-smoke	Run actions/checkout@v4	2025-08-19T15:25:08.4642118Z [command]/usr/bin/git remote add origin https://github.com/nodweb/systemupdate-web
jwt-smoke	Run actions/checkout@v4	2025-08-19T15:25:08.4683334Z ##[endgroup]
jwt-smoke	Run actions/checkout@v4	2025-08-19T15:25:08.4684631Z ##[group]Disabling automatic garbage collection
jwt-smoke	Run actions/checkout@v4	2025-08-19T15:25:08.4689008Z [command]/usr/bin/git config --local gc.auto 0
jwt-smoke	Run actions/checkout@v4	2025-08-19T15:25:08.4721817Z ##[endgroup]
jwt-smoke	Run actions/checkout@v4	2025-08-19T15:25:08.4723032Z ##[group]Setting up auth
jwt-smoke	Run actions/checkout@v4	2025-08-19T15:25:08.4730537Z [command]/usr/bin/git config --local --name-only --get-regexp core\.sshCommand
jwt-smoke	Run actions/checkout@v4	2025-08-19T15:25:08.4763538Z [command]/usr/bin/git submodule foreach --recursive sh -c "git config --local --name-only --get-regexp 'core\.sshCommand' && git config --local --unset-all 'core.sshCommand' || :"
jwt-smoke	Run actions/checkout@v4	2025-08-19T15:25:08.5083388Z [command]/usr/bin/git config --local --name-only --get-regexp http\.https\:\/\/github\.com\/\.extraheader
jwt-smoke	Run actions/checkout@v4	2025-08-19T15:25:08.5116803Z [command]/usr/bin/git submodule foreach --recursive sh -c "git config --local --name-only --get-regexp 'http\.https\:\/\/github\.com\/\.extraheader' && git config --local --unset-all 'http.https://github.com/.extraheader' || :"
jwt-smoke	Run actions/checkout@v4	2025-08-19T15:25:08.5351724Z [command]/usr/bin/git config --local http.https://github.com/.extraheader AUTHORIZATION: basic ***
jwt-smoke	Run actions/checkout@v4	2025-08-19T15:25:08.5397374Z ##[endgroup]
jwt-smoke	Run actions/checkout@v4	2025-08-19T15:25:08.5398692Z ##[group]Fetching the repository
jwt-smoke	Run actions/checkout@v4	2025-08-19T15:25:08.5407995Z [command]/usr/bin/git -c protocol.version=2 fetch --no-tags --prune --no-recurse-submodules --depth=1 origin +b28a62cc37ef9703259ce2ac98b670e5d83bc5a6:refs/remotes/origin/main
jwt-smoke	Run actions/checkout@v4	2025-08-19T15:25:09.0279557Z From https://github.com/nodweb/systemupdate-web
jwt-smoke	Run actions/checkout@v4	2025-08-19T15:25:09.0281293Z  * [new ref]         b28a62cc37ef9703259ce2ac98b670e5d83bc5a6 -> origin/main
jwt-smoke	Run actions/checkout@v4	2025-08-19T15:25:09.0310267Z ##[endgroup]
jwt-smoke	Run actions/checkout@v4	2025-08-19T15:25:09.0311593Z ##[group]Determining the checkout info
jwt-smoke	Run actions/checkout@v4	2025-08-19T15:25:09.0313466Z ##[endgroup]
jwt-smoke	Run actions/checkout@v4	2025-08-19T15:25:09.0319835Z [command]/usr/bin/git sparse-checkout disable
jwt-smoke	Run actions/checkout@v4	2025-08-19T15:25:09.0394881Z [command]/usr/bin/git config --local --unset-all extensions.worktreeConfig
jwt-smoke	Run actions/checkout@v4	2025-08-19T15:25:09.0431242Z ##[group]Checking out the ref
jwt-smoke	Run actions/checkout@v4	2025-08-19T15:25:09.0432742Z [command]/usr/bin/git checkout --progress --force -B main refs/remotes/origin/main
jwt-smoke	Run actions/checkout@v4	2025-08-19T15:25:09.0622103Z Switched to a new branch 'main'
jwt-smoke	Run actions/checkout@v4	2025-08-19T15:25:09.0624142Z branch 'main' set up to track 'origin/main'.
jwt-smoke	Run actions/checkout@v4	2025-08-19T15:25:09.0632475Z ##[endgroup]
jwt-smoke	Run actions/checkout@v4	2025-08-19T15:25:09.0669508Z [command]/usr/bin/git log -1 --format=%H
jwt-smoke	Run actions/checkout@v4	2025-08-19T15:25:09.0692244Z b28a62cc37ef9703259ce2ac98b670e5d83bc5a6
jwt-smoke	Show Docker versions	∩╗┐2025-08-19T15:25:09.0902023Z ##[group]Run docker --version
jwt-smoke	Show Docker versions	2025-08-19T15:25:09.0903252Z [36;1mdocker --version[0m
jwt-smoke	Show Docker versions	2025-08-19T15:25:09.0904273Z [36;1mdocker compose version[0m
jwt-smoke	Show Docker versions	2025-08-19T15:25:09.0978333Z shell: /usr/bin/bash -e {0}
jwt-smoke	Show Docker versions	2025-08-19T15:25:09.0979359Z env:
jwt-smoke	Show Docker versions	2025-08-19T15:25:09.0980076Z   DOCKER_BUILDKIT: 1
jwt-smoke	Show Docker versions	2025-08-19T15:25:09.0980901Z ##[endgroup]
jwt-smoke	Show Docker versions	2025-08-19T15:25:09.1747516Z Docker version 28.0.4, build b8034c0
jwt-smoke	Show Docker versions	2025-08-19T15:25:12.1409436Z Docker Compose version v2.38.2
jwt-smoke	Generate minimal compose for CI smoke	∩╗┐2025-08-19T15:25:12.1482800Z ##[group]Run cat > ci-smoke.yml <<'YAML'
jwt-smoke	Generate minimal compose for CI smoke	2025-08-19T15:25:12.1483251Z [36;1mcat > ci-smoke.yml <<'YAML'[0m
jwt-smoke	Generate minimal compose for CI smoke	2025-08-19T15:25:12.1483846Z [36;1mservices:[0m
jwt-smoke	Generate minimal compose for CI smoke	2025-08-19T15:25:12.1484086Z [36;1m  postgres:[0m
jwt-smoke	Generate minimal compose for CI smoke	2025-08-19T15:25:12.1484322Z [36;1m    image: postgres:16[0m
jwt-smoke	Generate minimal compose for CI smoke	2025-08-19T15:25:12.1484593Z [36;1m    environment:[0m
jwt-smoke	Generate minimal compose for CI smoke	2025-08-19T15:25:12.1484882Z [36;1m      POSTGRES_PASSWORD: example[0m
jwt-smoke	Generate minimal compose for CI smoke	2025-08-19T15:25:12.1485209Z [36;1m    ports:[0m
jwt-smoke	Generate minimal compose for CI smoke	2025-08-19T15:25:12.1485467Z [36;1m      - "5432:5432"[0m
jwt-smoke	Generate minimal compose for CI smoke	2025-08-19T15:25:12.1485726Z [36;1m    healthcheck:[0m
jwt-smoke	Generate minimal compose for CI smoke	2025-08-19T15:25:12.1486519Z [36;1m      ***: ["CMD-SHELL", "pg_isready -U postgres"][0m
jwt-smoke	Generate minimal compose for CI smoke	2025-08-19T15:25:12.1486991Z [36;1m      interval: 5s[0m
jwt-smoke	Generate minimal compose for CI smoke	2025-08-19T15:25:12.1487258Z [36;1m      timeout: 3s[0m
jwt-smoke	Generate minimal compose for CI smoke	2025-08-19T15:25:12.1487511Z [36;1m      retries: 60[0m
jwt-smoke	Generate minimal compose for CI smoke	2025-08-19T15:25:12.1487783Z [36;1m[0m
jwt-smoke	Generate minimal compose for CI smoke	2025-08-19T15:25:12.1487981Z [36;1m  redis:[0m
jwt-smoke	Generate minimal compose for CI smoke	2025-08-19T15:25:12.1488208Z [36;1m    image: redis:7[0m
jwt-smoke	Generate minimal compose for CI smoke	2025-08-19T15:25:12.1488453Z [36;1m    ports:[0m
jwt-smoke	Generate minimal compose for CI smoke	2025-08-19T15:25:12.1488711Z [36;1m      - "6379:6379"[0m
jwt-smoke	Generate minimal compose for CI smoke	2025-08-19T15:25:12.1488967Z [36;1m    healthcheck:[0m
jwt-smoke	Generate minimal compose for CI smoke	2025-08-19T15:25:12.1489269Z [36;1m      ***: ["CMD", "redis-cli", "ping"][0m
jwt-smoke	Generate minimal compose for CI smoke	2025-08-19T15:25:12.1489562Z [36;1m      interval: 5s[0m
jwt-smoke	Generate minimal compose for CI smoke	2025-08-19T15:25:12.1489816Z [36;1m      timeout: 3s[0m
jwt-smoke	Generate minimal compose for CI smoke	2025-08-19T15:25:12.1490056Z [36;1m      retries: 60[0m
jwt-smoke	Generate minimal compose for CI smoke	2025-08-19T15:25:12.1490292Z [36;1m[0m
jwt-smoke	Generate minimal compose for CI smoke	2025-08-19T15:25:12.1490509Z [36;1m  auth-service:[0m
jwt-smoke	Generate minimal compose for CI smoke	2025-08-19T15:25:12.1490736Z [36;1m    build:[0m
jwt-smoke	Generate minimal compose for CI smoke	2025-08-19T15:25:12.1490981Z [36;1m      context: ./services/auth-service[0m
jwt-smoke	Generate minimal compose for CI smoke	2025-08-19T15:25:12.1491277Z [36;1m    environment:[0m
jwt-smoke	Generate minimal compose for CI smoke	2025-08-19T15:25:12.1491525Z [36;1m      AUTH_REQUIRED: "0"[0m
jwt-smoke	Generate minimal compose for CI smoke	2025-08-19T15:25:12.1491798Z [36;1m      AUTHZ_REQUIRED: "0"[0m
jwt-smoke	Generate minimal compose for CI smoke	2025-08-19T15:25:12.1492067Z [36;1m      OPA_REQUIRED: "0"[0m
jwt-smoke	Generate minimal compose for CI smoke	2025-08-19T15:25:12.1492336Z [36;1m      DATABASE__HOST: postgres[0m
jwt-smoke	Generate minimal compose for CI smoke	2025-08-19T15:25:12.1492623Z [36;1m      DATABASE__PORT: "5432"[0m
jwt-smoke	Generate minimal compose for CI smoke	2025-08-19T15:25:12.1492897Z [36;1m      REDIS__HOST: redis[0m
jwt-smoke	Generate minimal compose for CI smoke	2025-08-19T15:25:12.1493165Z [36;1m      REDIS__PORT: "6379"[0m
jwt-smoke	Generate minimal compose for CI smoke	2025-08-19T15:25:12.1493425Z [36;1m    ports:[0m
jwt-smoke	Generate minimal compose for CI smoke	2025-08-19T15:25:12.1493647Z [36;1m      - "8001:8001"[0m
jwt-smoke	Generate minimal compose for CI smoke	2025-08-19T15:25:12.1493891Z [36;1m    depends_on:[0m
jwt-smoke	Generate minimal compose for CI smoke	2025-08-19T15:25:12.1494127Z [36;1m      postgres:[0m
jwt-smoke	Generate minimal compose for CI smoke	2025-08-19T15:25:12.1494378Z [36;1m        condition: service_healthy[0m
jwt-smoke	Generate minimal compose for CI smoke	2025-08-19T15:25:12.1494660Z [36;1m      redis:[0m
jwt-smoke	Generate minimal compose for CI smoke	2025-08-19T15:25:12.1494900Z [36;1m        condition: service_healthy[0m
jwt-smoke	Generate minimal compose for CI smoke	2025-08-19T15:25:12.1495180Z [36;1m    healthcheck:[0m
jwt-smoke	Generate minimal compose for CI smoke	2025-08-19T15:25:12.1495583Z [36;1m      ***: ["CMD-SHELL", "curl -fsS http://localhost:8001/healthz || exit 1"][0m
jwt-smoke	Generate minimal compose for CI smoke	2025-08-19T15:25:12.1495977Z [36;1m      interval: 5s[0m
jwt-smoke	Generate minimal compose for CI smoke	2025-08-19T15:25:12.1496226Z [36;1m      timeout: 3s[0m
jwt-smoke	Generate minimal compose for CI smoke	2025-08-19T15:25:12.1496698Z [36;1m      retries: 120[0m
jwt-smoke	Generate minimal compose for CI smoke	2025-08-19T15:25:12.1496941Z [36;1mYAML[0m
jwt-smoke	Generate minimal compose for CI smoke	2025-08-19T15:25:12.1540674Z shell: /usr/bin/bash -e {0}
jwt-smoke	Generate minimal compose for CI smoke	2025-08-19T15:25:12.1540968Z env:
jwt-smoke	Generate minimal compose for CI smoke	2025-08-19T15:25:12.1541199Z   DOCKER_BUILDKIT: 1
jwt-smoke	Generate minimal compose for CI smoke	2025-08-19T15:25:12.1541443Z ##[endgroup]
jwt-smoke	Verify only minimal services are present (guard)	∩╗┐2025-08-19T15:25:12.1650466Z ##[group]Run set -euo pipefail
jwt-smoke	Verify only minimal services are present (guard)	2025-08-19T15:25:12.1650837Z [36;1mset -euo pipefail[0m
jwt-smoke	Verify only minimal services are present (guard)	2025-08-19T15:25:12.1651260Z [36;1mecho "Verifying docker compose config only includes postgres, redis, auth-service"[0m
jwt-smoke	Verify only minimal services are present (guard)	2025-08-19T15:25:12.1651873Z [36;1mdocker compose -f ci-smoke.yml --project-name ci-smoke config > ci-smoke.resolved.yml[0m
jwt-smoke	Verify only minimal services are present (guard)	2025-08-19T15:25:12.1652437Z [36;1mecho "Resolved config:" && sed -n '1,200p' ci-smoke.resolved.yml[0m
jwt-smoke	Verify only minimal services are present (guard)	2025-08-19T15:25:12.1653126Z [36;1mif grep -E "\b(kafka|zookeeper|gateway|ws-hub|su-command|su-notification|otel-collector|frontend|backend)\b" ci-smoke.resolved.yml; then[0m
jwt-smoke	Verify only minimal services are present (guard)	2025-08-19T15:25:12.1653806Z [36;1m  echo "Unexpected service detected in resolved compose config" >&2[0m
jwt-smoke	Verify only minimal services are present (guard)	2025-08-19T15:25:12.1654185Z [36;1m  exit 1[0m
jwt-smoke	Verify only minimal services are present (guard)	2025-08-19T15:25:12.1654401Z [36;1mfi[0m
jwt-smoke	Verify only minimal services are present (guard)	2025-08-19T15:25:12.1693584Z shell: /usr/bin/bash -e {0}
jwt-smoke	Verify only minimal services are present (guard)	2025-08-19T15:25:12.1693861Z env:
jwt-smoke	Verify only minimal services are present (guard)	2025-08-19T15:25:12.1694075Z   DOCKER_BUILDKIT: 1
jwt-smoke	Verify only minimal services are present (guard)	2025-08-19T15:25:12.1694479Z ##[endgroup]
jwt-smoke	Verify only minimal services are present (guard)	2025-08-19T15:25:12.1754112Z Verifying docker compose config only includes postgres, redis, auth-service
jwt-smoke	Verify only minimal services are present (guard)	2025-08-19T15:25:12.2865948Z Resolved config:
jwt-smoke	Verify only minimal services are present (guard)	2025-08-19T15:25:12.2879601Z name: ci-smoke
jwt-smoke	Verify only minimal services are present (guard)	2025-08-19T15:25:12.2880063Z services:
jwt-smoke	Verify only minimal services are present (guard)	2025-08-19T15:25:12.2880424Z   auth-service:
jwt-smoke	Verify only minimal services are present (guard)	2025-08-19T15:25:12.2880784Z     build:
jwt-smoke	Verify only minimal services are present (guard)	2025-08-19T15:25:12.2881190Z       context: /home/runner/work/systemupdate-web/systemupdate-web/services/auth-service
jwt-smoke	Verify only minimal services are present (guard)	2025-08-19T15:25:12.2881982Z       dockerfile: Dockerfile
jwt-smoke	Verify only minimal services are present (guard)	2025-08-19T15:25:12.2882441Z     depends_on:
jwt-smoke	Verify only minimal services are present (guard)	2025-08-19T15:25:12.2882836Z       postgres:
jwt-smoke	Verify only minimal services are present (guard)	2025-08-19T15:25:12.2883238Z         condition: service_healthy
jwt-smoke	Verify only minimal services are present (guard)	2025-08-19T15:25:12.2883634Z         required: true
jwt-smoke	Verify only minimal services are present (guard)	2025-08-19T15:25:12.2883884Z       redis:
jwt-smoke	Verify only minimal services are present (guard)	2025-08-19T15:25:12.2884323Z         condition: service_healthy
jwt-smoke	Verify only minimal services are present (guard)	2025-08-19T15:25:12.2885003Z         required: true
jwt-smoke	Verify only minimal services are present (guard)	2025-08-19T15:25:12.2885399Z     environment:
jwt-smoke	Verify only minimal services are present (guard)	2025-08-19T15:25:12.2885765Z       AUTH_REQUIRED: "0"
jwt-smoke	Verify only minimal services are present (guard)	2025-08-19T15:25:12.2886112Z       AUTHZ_REQUIRED: "0"
jwt-smoke	Verify only minimal services are present (guard)	2025-08-19T15:25:12.2886669Z       DATABASE__HOST: postgres
jwt-smoke	Verify only minimal services are present (guard)	2025-08-19T15:25:12.2886969Z       DATABASE__PORT: "5432"
jwt-smoke	Verify only minimal services are present (guard)	2025-08-19T15:25:12.2887283Z       OPA_REQUIRED: "0"
jwt-smoke	Verify only minimal services are present (guard)	2025-08-19T15:25:12.2887567Z       REDIS__HOST: redis
jwt-smoke	Verify only minimal services are present (guard)	2025-08-19T15:25:12.2887819Z       REDIS__PORT: "6379"
jwt-smoke	Verify only minimal services are present (guard)	2025-08-19T15:25:12.2888132Z     healthcheck:
jwt-smoke	Verify only minimal services are present (guard)	2025-08-19T15:25:12.2888565Z       ***:
jwt-smoke	Verify only minimal services are present (guard)	2025-08-19T15:25:12.2888791Z         - CMD-SHELL
jwt-smoke	Verify only minimal services are present (guard)	2025-08-19T15:25:12.2889210Z         - curl -fsS http://localhost:8001/healthz || exit 1
jwt-smoke	Verify only minimal services are present (guard)	2025-08-19T15:25:12.2889574Z       timeout: 3s
jwt-smoke	Verify only minimal services are present (guard)	2025-08-19T15:25:12.2889899Z       interval: 5s
jwt-smoke	Verify only minimal services are present (guard)	2025-08-19T15:25:12.2890139Z       retries: 120
jwt-smoke	Verify only minimal services are present (guard)	2025-08-19T15:25:12.2890364Z     networks:
jwt-smoke	Verify only minimal services are present (guard)	2025-08-19T15:25:12.2890683Z       default: null
jwt-smoke	Verify only minimal services are present (guard)	2025-08-19T15:25:12.2890954Z     ports:
jwt-smoke	Verify only minimal services are present (guard)	2025-08-19T15:25:12.2891165Z       - mode: ingress
jwt-smoke	Verify only minimal services are present (guard)	2025-08-19T15:25:12.2891483Z         target: 8001
jwt-smoke	Verify only minimal services are present (guard)	2025-08-19T15:25:12.2891726Z         published: "8001"
jwt-smoke	Verify only minimal services are present (guard)	2025-08-19T15:25:12.2891963Z         protocol: tcp
jwt-smoke	Verify only minimal services are present (guard)	2025-08-19T15:25:12.2892292Z   postgres:
jwt-smoke	Verify only minimal services are present (guard)	2025-08-19T15:25:12.2892512Z     environment:
jwt-smoke	Verify only minimal services are present (guard)	2025-08-19T15:25:12.2892740Z       POSTGRES_PASSWORD: example
jwt-smoke	Verify only minimal services are present (guard)	2025-08-19T15:25:12.2893089Z     healthcheck:
jwt-smoke	Verify only minimal services are present (guard)	2025-08-19T15:25:12.2893341Z       ***:
jwt-smoke	Verify only minimal services are present (guard)	2025-08-19T15:25:12.2893542Z         - CMD-SHELL
jwt-smoke	Verify only minimal services are present (guard)	2025-08-19T15:25:12.2893868Z         - pg_isready -U postgres
jwt-smoke	Verify only minimal services are present (guard)	2025-08-19T15:25:12.2894145Z       timeout: 3s
jwt-smoke	Verify only minimal services are present (guard)	2025-08-19T15:25:12.2894364Z       interval: 5s
jwt-smoke	Verify only minimal services are present (guard)	2025-08-19T15:25:12.2894645Z       retries: 60
jwt-smoke	Verify only minimal services are present (guard)	2025-08-19T15:25:12.2894903Z     image: postgres:16
jwt-smoke	Verify only minimal services are present (guard)	2025-08-19T15:25:12.2895134Z     networks:
jwt-smoke	Verify only minimal services are present (guard)	2025-08-19T15:25:12.2895361Z       default: null
jwt-smoke	Verify only minimal services are present (guard)	2025-08-19T15:25:12.2895659Z     ports:
jwt-smoke	Verify only minimal services are present (guard)	2025-08-19T15:25:12.2895871Z       - mode: ingress
jwt-smoke	Verify only minimal services are present (guard)	2025-08-19T15:25:12.2896107Z         target: 5432
jwt-smoke	Verify only minimal services are present (guard)	2025-08-19T15:25:12.2896594Z         published: "5432"
jwt-smoke	Verify only minimal services are present (guard)	2025-08-19T15:25:12.2896850Z         protocol: tcp
jwt-smoke	Verify only minimal services are present (guard)	2025-08-19T15:25:12.2897167Z   redis:
jwt-smoke	Verify only minimal services are present (guard)	2025-08-19T15:25:12.2897377Z     healthcheck:
jwt-smoke	Verify only minimal services are present (guard)	2025-08-19T15:25:12.2897637Z       ***:
jwt-smoke	Verify only minimal services are present (guard)	2025-08-19T15:25:12.2897892Z         - CMD
jwt-smoke	Verify only minimal services are present (guard)	2025-08-19T15:25:12.2898183Z         - redis-cli
jwt-smoke	Verify only minimal services are present (guard)	2025-08-19T15:25:12.2898792Z         - ping
jwt-smoke	Verify only minimal services are present (guard)	2025-08-19T15:25:12.2899061Z       timeout: 3s
jwt-smoke	Verify only minimal services are present (guard)	2025-08-19T15:25:12.2899398Z       interval: 5s
jwt-smoke	Verify only minimal services are present (guard)	2025-08-19T15:25:12.2899978Z       retries: 60
jwt-smoke	Verify only minimal services are present (guard)	2025-08-19T15:25:12.2900383Z     image: redis:7
jwt-smoke	Verify only minimal services are present (guard)	2025-08-19T15:25:12.2900741Z     networks:
jwt-smoke	Verify only minimal services are present (guard)	2025-08-19T15:25:12.2901098Z       default: null
jwt-smoke	Verify only minimal services are present (guard)	2025-08-19T15:25:12.2901457Z     ports:
jwt-smoke	Verify only minimal services are present (guard)	2025-08-19T15:25:12.2901723Z       - mode: ingress
jwt-smoke	Verify only minimal services are present (guard)	2025-08-19T15:25:12.2901957Z         target: 6379
jwt-smoke	Verify only minimal services are present (guard)	2025-08-19T15:25:12.2902186Z         published: "6379"
jwt-smoke	Verify only minimal services are present (guard)	2025-08-19T15:25:12.2902429Z         protocol: tcp
jwt-smoke	Verify only minimal services are present (guard)	2025-08-19T15:25:12.2902656Z networks:
jwt-smoke	Verify only minimal services are present (guard)	2025-08-19T15:25:12.2902848Z   default:
jwt-smoke	Verify only minimal services are present (guard)	2025-08-19T15:25:12.2903060Z     name: ci-smoke_default
jwt-smoke	Bring up minimal stack	∩╗┐2025-08-19T15:25:12.2929966Z ##[group]Run set -e
jwt-smoke	Bring up minimal stack	2025-08-19T15:25:12.2930296Z [36;1mset -e[0m
jwt-smoke	Bring up minimal stack	2025-08-19T15:25:12.2930651Z [36;1mdocker compose -f ci-smoke.yml --project-name ci-smoke up -d --build[0m
jwt-smoke	Bring up minimal stack	2025-08-19T15:25:12.2931140Z [36;1mdocker compose -f ci-smoke.yml --project-name ci-smoke ps[0m
jwt-smoke	Bring up minimal stack	2025-08-19T15:25:12.2976804Z shell: /usr/bin/bash -e {0}
jwt-smoke	Bring up minimal stack	2025-08-19T15:25:12.2977100Z env:
jwt-smoke	Bring up minimal stack	2025-08-19T15:25:12.2977317Z   DOCKER_BUILDKIT: 1
jwt-smoke	Bring up minimal stack	2025-08-19T15:25:12.2977558Z ##[endgroup]
jwt-smoke	Bring up minimal stack	2025-08-19T15:25:12.3991991Z  redis Pulling 
jwt-smoke	Bring up minimal stack	2025-08-19T15:25:12.3992605Z  postgres Pulling 
jwt-smoke	Bring up minimal stack	2025-08-19T15:25:13.6824660Z  396b1da7636e Pulling fs layer 
jwt-smoke	Bring up minimal stack	2025-08-19T15:25:13.6825250Z  fb850b0e3049 Pulling fs layer 
jwt-smoke	Bring up minimal stack	2025-08-19T15:25:13.6825785Z  7f09385d08f9 Pulling fs layer 
jwt-smoke	Bring up minimal stack	2025-08-19T15:25:13.6826131Z  534f45d26d93 Pulling fs layer 
jwt-smoke	Bring up minimal stack	2025-08-19T15:25:13.6826738Z  2b6532633f5d Pulling fs layer 
jwt-smoke	Bring up minimal stack	2025-08-19T15:25:13.6827110Z  320fa150e60f Pulling fs layer 
jwt-smoke	Bring up minimal stack	2025-08-19T15:25:13.6827480Z  19947f6cc5d3 Pulling fs layer 
jwt-smoke	Bring up minimal stack	2025-08-19T15:25:13.6827708Z  e787bdd7824b Pulling fs layer 
jwt-smoke	Bring up minimal stack	2025-08-19T15:25:13.6828145Z  a1e4ad56dcec Pulling fs layer 
jwt-smoke	Bring up minimal stack	2025-08-19T15:25:13.6828367Z  987c1b4919ea Pulling fs layer 
jwt-smoke	Bring up minimal stack	2025-08-19T15:25:13.6828581Z  a858bd6d34e8 Pulling fs layer 
jwt-smoke	Bring up minimal stack	2025-08-19T15:25:13.6828917Z  f1b3502db45a Pulling fs layer 
jwt-smoke	Bring up minimal stack	2025-08-19T15:25:13.6829246Z  25ef78fb127c Pulling fs layer 
jwt-smoke	Bring up minimal stack	2025-08-19T15:25:13.6829629Z  240810240d04 Pulling fs layer 
jwt-smoke	Bring up minimal stack	2025-08-19T15:25:13.6830008Z  a1e4ad56dcec Waiting 
jwt-smoke	Bring up minimal stack	2025-08-19T15:25:13.6830357Z  987c1b4919ea Waiting 
jwt-smoke	Bring up minimal stack	2025-08-19T15:25:13.6830543Z  a858bd6d34e8 Waiting 
jwt-smoke	Bring up minimal stack	2025-08-19T15:25:13.6830730Z  534f45d26d93 Waiting 
jwt-smoke	Bring up minimal stack	2025-08-19T15:25:13.6831051Z  320fa150e60f Waiting 
jwt-smoke	Bring up minimal stack	2025-08-19T15:25:13.6831326Z  25ef78fb127c Waiting 
jwt-smoke	Bring up minimal stack	2025-08-19T15:25:13.6831520Z  240810240d04 Waiting 
jwt-smoke	Bring up minimal stack	2025-08-19T15:25:13.6831695Z  19947f6cc5d3 Waiting 
jwt-smoke	Bring up minimal stack	2025-08-19T15:25:13.6831978Z  f1b3502db45a Waiting 
jwt-smoke	Bring up minimal stack	2025-08-19T15:25:13.6832158Z  e787bdd7824b Waiting 
jwt-smoke	Bring up minimal stack	2025-08-19T15:25:13.6832338Z  2b6532633f5d Waiting 
jwt-smoke	Bring up minimal stack	2025-08-19T15:25:13.7983989Z  b1badc6e5066 Pulling fs layer 
jwt-smoke	Bring up minimal stack	2025-08-19T15:25:13.7985105Z  746f3da5d8fb Pulling fs layer 
jwt-smoke	Bring up minimal stack	2025-08-19T15:25:13.7985587Z  1d58eaac926a Pulling fs layer 
jwt-smoke	Bring up minimal stack	2025-08-19T15:25:13.7986045Z  5c06f884d8fa Pulling fs layer 
jwt-smoke	Bring up minimal stack	2025-08-19T15:25:13.7986711Z  5ce544915f10 Pulling fs layer 
jwt-smoke	Bring up minimal stack	2025-08-19T15:25:13.7987189Z  b547341e3d62 Pulling fs layer 
jwt-smoke	Bring up minimal stack	2025-08-19T15:25:13.7987593Z  4f4fb700ef54 Pulling fs layer 
jwt-smoke	Bring up minimal stack	2025-08-19T15:25:13.7987989Z  b5cf1c58df65 Pulling fs layer 
jwt-smoke	Bring up minimal stack	2025-08-19T15:25:13.7988384Z  b1badc6e5066 Waiting 
jwt-smoke	Bring up minimal stack	2025-08-19T15:25:13.7988742Z  746f3da5d8fb Waiting 
jwt-smoke	Bring up minimal stack	2025-08-19T15:25:13.7989087Z  1d58eaac926a Waiting 
jwt-smoke	Bring up minimal stack	2025-08-19T15:25:13.9468166Z  5c06f884d8fa Waiting 
jwt-smoke	Bring up minimal stack	2025-08-19T15:25:13.9468636Z  5ce544915f10 Waiting 
jwt-smoke	Bring up minimal stack	2025-08-19T15:25:13.9468958Z  b547341e3d62 Waiting 
jwt-smoke	Bring up minimal stack	2025-08-19T15:25:13.9469257Z  b5cf1c58df65 Waiting 
jwt-smoke	Bring up minimal stack	2025-08-19T15:25:13.9469562Z  4f4fb700ef54 Waiting 
jwt-smoke	Bring up minimal stack	2025-08-19T15:25:13.9470071Z  fb850b0e3049 Downloading [=======================================>           ]     934B/1.169kB
jwt-smoke	Bring up minimal stack	2025-08-19T15:25:13.9471111Z  fb850b0e3049 Downloading [==================================================>]  1.169kB/1.169kB
jwt-smoke	Bring up minimal stack	2025-08-19T15:25:13.9472769Z  fb850b0e3049 Verifying Checksum 
jwt-smoke	Bring up minimal stack	2025-08-19T15:25:13.9473533Z  fb850b0e3049 Download complete 
jwt-smoke	Bring up minimal stack	2025-08-19T15:25:13.9527191Z  396b1da7636e Downloading [>                                                  ]  306.6kB/29.77MB
jwt-smoke	Bring up minimal stack	2025-08-19T15:25:13.9626880Z  7f09385d08f9 Downloading [>                                                  ]   65.8kB/6.437MB
jwt-smoke	Bring up minimal stack	2025-08-19T15:25:14.0519154Z  7f09385d08f9 Verifying Checksum 
jwt-smoke	Bring up minimal stack	2025-08-19T15:25:14.0519842Z  7f09385d08f9 Download complete 
jwt-smoke	Bring up minimal stack	2025-08-19T15:25:14.0694295Z  396b1da7636e Downloading [==========>                                        ]  6.126MB/29.77MB
jwt-smoke	Bring up minimal stack	2025-08-19T15:25:14.1768830Z  396b1da7636e Downloading [=================================>                 ]  19.88MB/29.77MB
jwt-smoke	Bring up minimal stack	2025-08-19T15:25:14.2417441Z  534f45d26d93 Downloading [>                                                  ]  15.15kB/1.454MB
jwt-smoke	Bring up minimal stack	2025-08-19T15:25:14.2493511Z  534f45d26d93 Verifying Checksum 
jwt-smoke	Bring up minimal stack	2025-08-19T15:25:14.2494384Z  534f45d26d93 Download complete 
jwt-smoke	Bring up minimal stack	2025-08-19T15:25:14.2682193Z  396b1da7636e Download complete 
jwt-smoke	Bring up minimal stack	2025-08-19T15:25:14.3002343Z  396b1da7636e Extracting [>                                                  ]  327.7kB/29.77MB
jwt-smoke	Bring up minimal stack	2025-08-19T15:25:14.3289337Z  2b6532633f5d Downloading [>                                                  ]   84.3kB/8.204MB
jwt-smoke	Bring up minimal stack	2025-08-19T15:25:14.4006850Z  396b1da7636e Extracting [===========>                                       ]  6.881MB/29.77MB
jwt-smoke	Bring up minimal stack	2025-08-19T15:25:14.4291809Z  2b6532633f5d Downloading [============================>                      ]   4.75MB/8.204MB
jwt-smoke	Bring up minimal stack	2025-08-19T15:25:14.4814450Z  2b6532633f5d Verifying Checksum 
jwt-smoke	Bring up minimal stack	2025-08-19T15:25:14.4815364Z  2b6532633f5d Download complete 
jwt-smoke	Bring up minimal stack	2025-08-19T15:25:14.5008428Z  396b1da7636e Extracting [==================>                                ]  10.81MB/29.77MB
jwt-smoke	Bring up minimal stack	2025-08-19T15:25:14.5316934Z  19947f6cc5d3 Downloading [==================================================>]     116B/116B
jwt-smoke	Bring up minimal stack	2025-08-19T15:25:14.5317784Z  19947f6cc5d3 Verifying Checksum 
jwt-smoke	Bring up minimal stack	2025-08-19T15:25:14.5318252Z  19947f6cc5d3 Download complete 
jwt-smoke	Bring up minimal stack	2025-08-19T15:25:14.5448511Z  320fa150e60f Downloading [>                                                  ]  13.78kB/1.311MB
jwt-smoke	Bring up minimal stack	2025-08-19T15:25:14.5793698Z  320fa150e60f Verifying Checksum 
jwt-smoke	Bring up minimal stack	2025-08-19T15:25:14.5794268Z  320fa150e60f Download complete 
jwt-smoke	Bring up minimal stack	2025-08-19T15:25:14.6052508Z  396b1da7636e Extracting [============================>                      ]  16.71MB/29.77MB
jwt-smoke	Bring up minimal stack	2025-08-19T15:25:14.7066207Z  396b1da7636e Extracting [==========================================>        ]  25.23MB/29.77MB
jwt-smoke	Bring up minimal stack	2025-08-19T15:25:14.7681643Z  e787bdd7824b Downloading [==============>                                    ]     934B/3.14kB
jwt-smoke	Bring up minimal stack	2025-08-19T15:25:14.7988467Z  e787bdd7824b Downloading [==================================================>]   3.14kB/3.14kB
jwt-smoke	Bring up minimal stack	2025-08-19T15:25:14.7989169Z  e787bdd7824b Verifying Checksum 
jwt-smoke	Bring up minimal stack	2025-08-19T15:25:14.7990443Z  e787bdd7824b Download complete 
jwt-smoke	Bring up minimal stack	2025-08-19T15:25:14.7991029Z  a1e4ad56dcec Downloading [>                                                  ]  535.7kB/113.2MB
jwt-smoke	Bring up minimal stack	2025-08-19T15:25:14.8410673Z  987c1b4919ea Downloading [====>                                              ]     933B/10.01kB
jwt-smoke	Bring up minimal stack	2025-08-19T15:25:14.8412066Z  987c1b4919ea Downloading [==================================================>]  10.01kB/10.01kB
jwt-smoke	Bring up minimal stack	2025-08-19T15:25:14.8419265Z  987c1b4919ea Download complete 
jwt-smoke	Bring up minimal stack	2025-08-19T15:25:14.8694126Z  396b1da7636e Extracting [============================================>      ]  26.21MB/29.77MB
jwt-smoke	Bring up minimal stack	2025-08-19T15:25:14.9319576Z  a1e4ad56dcec Downloading [====>                                              ]  9.632MB/113.2MB
jwt-smoke	Bring up minimal stack	2025-08-19T15:25:15.0290692Z  396b1da7636e Extracting [================================================>  ]  28.84MB/29.77MB
jwt-smoke	Bring up minimal stack	2025-08-19T15:25:15.0451901Z  a1e4ad56dcec Downloading [=====>                                             ]  12.32MB/113.2MB
jwt-smoke	Bring up minimal stack	2025-08-19T15:25:15.0497092Z  a858bd6d34e8 Downloading [==================================================>]     128B/128B
jwt-smoke	Bring up minimal stack	2025-08-19T15:25:15.0497861Z  a858bd6d34e8 Verifying Checksum 
jwt-smoke	Bring up minimal stack	2025-08-19T15:25:15.0499128Z  a858bd6d34e8 Download complete 
jwt-smoke	Bring up minimal stack	2025-08-19T15:25:15.1106875Z  f1b3502db45a Download complete 
jwt-smoke	Bring up minimal stack	2025-08-19T15:25:15.1314041Z  396b1da7636e Extracting [================================================>  ]  29.16MB/29.77MB
jwt-smoke	Bring up minimal stack	2025-08-19T15:25:15.1921078Z  a1e4ad56dcec Downloading [========>                                          ]  19.27MB/113.2MB
jwt-smoke	Bring up minimal stack	2025-08-19T15:25:15.2150975Z  396b1da7636e Extracting [==================================================>]  29.77MB/29.77MB
jwt-smoke	Bring up minimal stack	2025-08-19T15:25:15.2390320Z  396b1da7636e Pull complete 
jwt-smoke	Bring up minimal stack	2025-08-19T15:25:15.2406498Z  fb850b0e3049 Extracting [==================================================>]  1.169kB/1.169kB
jwt-smoke	Bring up minimal stack	2025-08-19T15:25:15.2412117Z  fb850b0e3049 Extracting [==================================================>]  1.169kB/1.169kB
jwt-smoke	Bring up minimal stack	2025-08-19T15:25:15.3097414Z  a1e4ad56dcec Downloading [=========>                                         ]   21.4MB/113.2MB
jwt-smoke	Bring up minimal stack	2025-08-19T15:25:15.3660826Z  240810240d04 Downloading [==================================================>]     184B/184B
jwt-smoke	Bring up minimal stack	2025-08-19T15:25:15.3662226Z  240810240d04 Verifying Checksum 
jwt-smoke	Bring up minimal stack	2025-08-19T15:25:15.3665718Z  240810240d04 Download complete 
jwt-smoke	Bring up minimal stack	2025-08-19T15:25:15.3820218Z  fb850b0e3049 Pull complete 
jwt-smoke	Bring up minimal stack	2025-08-19T15:25:15.3841729Z  7f09385d08f9 Extracting [>                                                  ]  65.54kB/6.437MB
jwt-smoke	Bring up minimal stack	2025-08-19T15:25:15.3920990Z  25ef78fb127c Downloading [===========>                                       ]  1.369kB/5.925kB
jwt-smoke	Bring up minimal stack	2025-08-19T15:25:15.3921796Z  25ef78fb127c Downloading [==================================================>]  5.925kB/5.925kB
jwt-smoke	Bring up minimal stack	2025-08-19T15:25:15.3924468Z  25ef78fb127c Verifying Checksum 
jwt-smoke	Bring up minimal stack	2025-08-19T15:25:15.3924990Z  25ef78fb127c Download complete 
jwt-smoke	Bring up minimal stack	2025-08-19T15:25:15.4101551Z  a1e4ad56dcec Downloading [===========>                                       ]  26.75MB/113.2MB
jwt-smoke	Bring up minimal stack	2025-08-19T15:25:15.4904478Z  7f09385d08f9 Extracting [=================================================> ]  6.423MB/6.437MB
jwt-smoke	Bring up minimal stack	2025-08-19T15:25:15.4972085Z  7f09385d08f9 Extracting [==================================================>]  6.437MB/6.437MB
jwt-smoke	Bring up minimal stack	2025-08-19T15:25:15.5333430Z  a1e4ad56dcec Downloading [============>                                      ]  29.41MB/113.2MB
jwt-smoke	Bring up minimal stack	2025-08-19T15:25:15.5782052Z  7f09385d08f9 Pull complete 
jwt-smoke	Bring up minimal stack	2025-08-19T15:25:15.5792280Z  534f45d26d93 Extracting [=>                                                 ]  32.77kB/1.454MB
jwt-smoke	Bring up minimal stack	2025-08-19T15:25:15.6058153Z  534f45d26d93 Extracting [==================================================>]  1.454MB/1.454MB
jwt-smoke	Bring up minimal stack	2025-08-19T15:25:15.6289083Z  534f45d26d93 Pull complete 
jwt-smoke	Bring up minimal stack	2025-08-19T15:25:15.6304853Z  2b6532633f5d Extracting [>                                                  ]   98.3kB/8.204MB
jwt-smoke	Bring up minimal stack	2025-08-19T15:25:15.6335584Z  a1e4ad56dcec Downloading [===============>                                   ]  34.22MB/113.2MB
jwt-smoke	Bring up minimal stack	2025-08-19T15:25:15.6774109Z  b1badc6e5066 Downloading [>                                                  ]  298.4kB/28.23MB
jwt-smoke	Bring up minimal stack	2025-08-19T15:25:15.6891613Z  746f3da5d8fb Downloading [==================================================>]  1.103kB/1.103kB
jwt-smoke	Bring up minimal stack	2025-08-19T15:25:15.6892605Z  746f3da5d8fb Verifying Checksum 
jwt-smoke	Bring up minimal stack	2025-08-19T15:25:15.6892998Z  746f3da5d8fb Download complete 
jwt-smoke	Bring up minimal stack	2025-08-19T15:25:15.7401638Z  a1e4ad56dcec Downloading [=================>                                 ]  39.58MB/113.2MB
jwt-smoke	Bring up minimal stack	2025-08-19T15:25:15.7425067Z  2b6532633f5d Extracting [=======================>                           ]  3.932MB/8.204MB
jwt-smoke	Bring up minimal stack	2025-08-19T15:25:15.7782704Z  b1badc6e5066 Downloading [=========>                                         ]  5.217MB/28.23MB
jwt-smoke	Bring up minimal stack	2025-08-19T15:25:15.8438318Z  a1e4ad56dcec Downloading [=================>                                 ]  40.63MB/113.2MB
jwt-smoke	Bring up minimal stack	2025-08-19T15:25:15.8493985Z  2b6532633f5d Extracting [====================================>              ]  5.997MB/8.204MB
jwt-smoke	Bring up minimal stack	2025-08-19T15:25:15.8952542Z  b1badc6e5066 Downloading [=====================>                             ]  12.14MB/28.23MB
jwt-smoke	Bring up minimal stack	2025-08-19T15:25:15.9181514Z  2b6532633f5d Extracting [==================================================>]  8.204MB/8.204MB
jwt-smoke	Bring up minimal stack	2025-08-19T15:25:15.9611168Z  1d58eaac926a Downloading [==================================================>]     875B/875B
jwt-smoke	Bring up minimal stack	2025-08-19T15:25:15.9612074Z  1d58eaac926a Verifying Checksum 
jwt-smoke	Bring up minimal stack	2025-08-19T15:25:15.9612650Z  1d58eaac926a Download complete 
jwt-smoke	Bring up minimal stack	2025-08-19T15:25:15.9628614Z  a1e4ad56dcec Downloading [===================>                               ]  44.91MB/113.2MB
jwt-smoke	Bring up minimal stack	2025-08-19T15:25:15.9957247Z  2b6532633f5d Pull complete 
jwt-smoke	Bring up minimal stack	2025-08-19T15:25:15.9967223Z  320fa150e60f Extracting [=>                                                 ]  32.77kB/1.311MB
jwt-smoke	Bring up minimal stack	2025-08-19T15:25:15.9986077Z  b1badc6e5066 Downloading [============================>                      ]  16.17MB/28.23MB
jwt-smoke	Bring up minimal stack	2025-08-19T15:25:16.0481041Z  320fa150e60f Extracting [==================================================>]  1.311MB/1.311MB
jwt-smoke	Bring up minimal stack	2025-08-19T15:25:16.0867216Z  a1e4ad56dcec Downloading [======================>                            ]  51.31MB/113.2MB
jwt-smoke	Bring up minimal stack	2025-08-19T15:25:16.0938466Z  320fa150e60f Pull complete 
jwt-smoke	Bring up minimal stack	2025-08-19T15:25:16.0949950Z  19947f6cc5d3 Extracting [==================================================>]     116B/116B
jwt-smoke	Bring up minimal stack	2025-08-19T15:25:16.0954254Z  19947f6cc5d3 Extracting [==================================================>]     116B/116B
jwt-smoke	Bring up minimal stack	2025-08-19T15:25:16.0991808Z  b1badc6e5066 Downloading [====================================>              ]  20.52MB/28.23MB
jwt-smoke	Bring up minimal stack	2025-08-19T15:25:16.1040142Z  19947f6cc5d3 Pull complete 
jwt-smoke	Bring up minimal stack	2025-08-19T15:25:16.1051644Z  e787bdd7824b Extracting [==================================================>]   3.14kB/3.14kB
jwt-smoke	Bring up minimal stack	2025-08-19T15:25:16.1056509Z  e787bdd7824b Extracting [==================================================>]   3.14kB/3.14kB
jwt-smoke	Bring up minimal stack	2025-08-19T15:25:16.1224381Z  e787bdd7824b Pull complete 
jwt-smoke	Bring up minimal stack	2025-08-19T15:25:16.1905565Z  a1e4ad56dcec Downloading [=======================>                           ]  53.44MB/113.2MB
jwt-smoke	Bring up minimal stack	2025-08-19T15:25:16.2136953Z  b1badc6e5066 Downloading [===============================================>   ]  26.92MB/28.23MB
jwt-smoke	Bring up minimal stack	2025-08-19T15:25:16.2339340Z  5c06f884d8fa Downloading [>                                                  ]  14.62kB/1.438MB
jwt-smoke	Bring up minimal stack	2025-08-19T15:25:16.2400810Z  b1badc6e5066 Verifying Checksum 
jwt-smoke	Bring up minimal stack	2025-08-19T15:25:16.2401474Z  b1badc6e5066 Download complete 
jwt-smoke	Bring up minimal stack	2025-08-19T15:25:16.2417513Z  5c06f884d8fa Verifying Checksum 
jwt-smoke	Bring up minimal stack	2025-08-19T15:25:16.2418845Z  5c06f884d8fa Download complete 
jwt-smoke	Bring up minimal stack	2025-08-19T15:25:16.2725802Z  b1badc6e5066 Extracting [>                                                  ]  294.9kB/28.23MB
jwt-smoke	Bring up minimal stack	2025-08-19T15:25:16.3096957Z  a1e4ad56dcec Downloading [=========================>                         ]  58.81MB/113.2MB
jwt-smoke	Bring up minimal stack	2025-08-19T15:25:16.3726873Z  b1badc6e5066 Extracting [==========>                                        ]  6.193MB/28.23MB
jwt-smoke	Bring up minimal stack	2025-08-19T15:25:16.4106953Z  a1e4ad56dcec Downloading [===========================>                       ]  62.02MB/113.2MB
jwt-smoke	Bring up minimal stack	2025-08-19T15:25:16.4740570Z  b1badc6e5066 Extracting [=================>                                 ]  9.732MB/28.23MB
jwt-smoke	Bring up minimal stack	2025-08-19T15:25:16.5159450Z  a1e4ad56dcec Downloading [=============================>                     ]  66.32MB/113.2MB
jwt-smoke	Bring up minimal stack	2025-08-19T15:25:16.5203362Z  5ce544915f10 Downloading [>                                                  ]  155.9kB/15.34MB
jwt-smoke	Bring up minimal stack	2025-08-19T15:25:16.5545753Z  b547341e3d62 Downloading [==================================================>]      96B/96B
jwt-smoke	Bring up minimal stack	2025-08-19T15:25:16.5546644Z  b547341e3d62 Verifying Checksum 
jwt-smoke	Bring up minimal stack	2025-08-19T15:25:16.5547076Z  b547341e3d62 Download complete 
jwt-smoke	Bring up minimal stack	2025-08-19T15:25:16.5753610Z  b1badc6e5066 Extracting [========================>                          ]  13.86MB/28.23MB
jwt-smoke	Bring up minimal stack	2025-08-19T15:25:16.6235268Z  5ce544915f10 Downloading [=======================>                           ]  7.154MB/15.34MB
jwt-smoke	Bring up minimal stack	2025-08-19T15:25:16.6311191Z  a1e4ad56dcec Downloading [===============================>                   ]  71.12MB/113.2MB
jwt-smoke	Bring up minimal stack	2025-08-19T15:25:16.6775848Z  b1badc6e5066 Extracting [=======================================>           ]  22.12MB/28.23MB
jwt-smoke	Bring up minimal stack	2025-08-19T15:25:16.7243828Z  5ce544915f10 Downloading [==================================>                ]  10.58MB/15.34MB
jwt-smoke	Bring up minimal stack	2025-08-19T15:25:16.7897979Z  a1e4ad56dcec Downloading [================================>                  ]  74.33MB/113.2MB
jwt-smoke	Bring up minimal stack	2025-08-19T15:25:16.8191420Z  4f4fb700ef54 Downloading [==================================================>]      32B/32B
jwt-smoke	Bring up minimal stack	2025-08-19T15:25:16.8192609Z  4f4fb700ef54 Verifying Checksum 
jwt-smoke	Bring up minimal stack	2025-08-19T15:25:16.8198639Z  4f4fb700ef54 Download complete 
jwt-smoke	Bring up minimal stack	2025-08-19T15:25:16.8242400Z  5ce544915f10 Download complete 
jwt-smoke	Bring up minimal stack	2025-08-19T15:25:16.8464169Z  b1badc6e5066 Extracting [==========================================>        ]  23.89MB/28.23MB
jwt-smoke	Bring up minimal stack	2025-08-19T15:25:16.8922075Z  a1e4ad56dcec Downloading [===================================>               ]  81.28MB/113.2MB
jwt-smoke	Bring up minimal stack	2025-08-19T15:25:16.9666923Z  b1badc6e5066 Extracting [===============================================>   ]  26.84MB/28.23MB
jwt-smoke	Bring up minimal stack	2025-08-19T15:25:16.9922570Z  a1e4ad56dcec Downloading [======================================>            ]   86.6MB/113.2MB
jwt-smoke	Bring up minimal stack	2025-08-19T15:25:17.0866975Z  b5cf1c58df65 Downloading [==================================================>]     570B/570B
jwt-smoke	Bring up minimal stack	2025-08-19T15:25:17.0867725Z  b5cf1c58df65 Download complete 
jwt-smoke	Bring up minimal stack	2025-08-19T15:25:17.0924037Z  a1e4ad56dcec Downloading [=======================================>           ]  89.82MB/113.2MB
jwt-smoke	Bring up minimal stack	2025-08-19T15:25:17.1990653Z  a1e4ad56dcec Downloading [========================================>          ]  90.88MB/113.2MB
jwt-smoke	Bring up minimal stack	2025-08-19T15:25:17.2361019Z  b1badc6e5066 Extracting [================================================>  ]  27.43MB/28.23MB
jwt-smoke	Bring up minimal stack	2025-08-19T15:25:17.3087090Z  a1e4ad56dcec Downloading [=========================================>         ]  94.07MB/113.2MB
jwt-smoke	Bring up minimal stack	2025-08-19T15:25:17.3460633Z  b1badc6e5066 Extracting [==================================================>]  28.23MB/28.23MB
jwt-smoke	Bring up minimal stack	2025-08-19T15:25:17.3742379Z  b1badc6e5066 Pull complete 
jwt-smoke	Bring up minimal stack	2025-08-19T15:25:17.3755482Z  746f3da5d8fb Extracting [==================================================>]  1.103kB/1.103kB
jwt-smoke	Bring up minimal stack	2025-08-19T15:25:17.3760568Z  746f3da5d8fb Extracting [==================================================>]  1.103kB/1.103kB
jwt-smoke	Bring up minimal stack	2025-08-19T15:25:17.4175262Z  a1e4ad56dcec Downloading [==========================================>        ]  95.68MB/113.2MB
jwt-smoke	Bring up minimal stack	2025-08-19T15:25:17.5259766Z  a1e4ad56dcec Downloading [===========================================>       ]  97.81MB/113.2MB
jwt-smoke	Bring up minimal stack	2025-08-19T15:25:17.5609050Z  746f3da5d8fb Pull complete 
jwt-smoke	Bring up minimal stack	2025-08-19T15:25:17.5618693Z  1d58eaac926a Extracting [==================================================>]     875B/875B
jwt-smoke	Bring up minimal stack	2025-08-19T15:25:17.5624302Z  1d58eaac926a Extracting [==================================================>]     875B/875B
jwt-smoke	Bring up minimal stack	2025-08-19T15:25:17.5749879Z  1d58eaac926a Pull complete 
jwt-smoke	Bring up minimal stack	2025-08-19T15:25:17.5759477Z  5c06f884d8fa Extracting [=>                                                 ]  32.77kB/1.438MB
jwt-smoke	Bring up minimal stack	2025-08-19T15:25:17.5994605Z  5c06f884d8fa Extracting [==================================================>]  1.438MB/1.438MB
jwt-smoke	Bring up minimal stack	2025-08-19T15:25:17.5998920Z  5c06f884d8fa Extracting [==================================================>]  1.438MB/1.438MB
jwt-smoke	Bring up minimal stack	2025-08-19T15:25:17.6181839Z  5c06f884d8fa Pull complete 
jwt-smoke	Bring up minimal stack	2025-08-19T15:25:17.6204583Z  5ce544915f10 Extracting [>                                                  ]  163.8kB/15.34MB
jwt-smoke	Bring up minimal stack	2025-08-19T15:25:17.6606612Z  a1e4ad56dcec Downloading [============================================>      ]  100.5MB/113.2MB
jwt-smoke	Bring up minimal stack	2025-08-19T15:25:17.7214128Z  5ce544915f10 Extracting [===========================>                       ]   8.52MB/15.34MB
jwt-smoke	Bring up minimal stack	2025-08-19T15:25:17.7816595Z  a1e4ad56dcec Downloading [============================================>      ]  101.6MB/113.2MB
jwt-smoke	Bring up minimal stack	2025-08-19T15:25:17.8029368Z  5ce544915f10 Extracting [==================================================>]  15.34MB/15.34MB
jwt-smoke	Bring up minimal stack	2025-08-19T15:25:17.8584733Z  5ce544915f10 Pull complete 
jwt-smoke	Bring up minimal stack	2025-08-19T15:25:17.8594871Z  b547341e3d62 Extracting [==================================================>]      96B/96B
jwt-smoke	Bring up minimal stack	2025-08-19T15:25:17.8600533Z  b547341e3d62 Extracting [==================================================>]      96B/96B
jwt-smoke	Bring up minimal stack	2025-08-19T15:25:17.8683138Z  b547341e3d62 Pull complete 
jwt-smoke	Bring up minimal stack	2025-08-19T15:25:17.8693537Z  4f4fb700ef54 Extracting [==================================================>]      32B/32B
jwt-smoke	Bring up minimal stack	2025-08-19T15:25:17.8698413Z  4f4fb700ef54 Extracting [==================================================>]      32B/32B
jwt-smoke	Bring up minimal stack	2025-08-19T15:25:17.8764588Z  4f4fb700ef54 Pull complete 
jwt-smoke	Bring up minimal stack	2025-08-19T15:25:17.8774180Z  b5cf1c58df65 Extracting [==================================================>]     570B/570B
jwt-smoke	Bring up minimal stack	2025-08-19T15:25:17.8779512Z  b5cf1c58df65 Extracting [==================================================>]     570B/570B
jwt-smoke	Bring up minimal stack	2025-08-19T15:25:17.8815845Z  a1e4ad56dcec Downloading [==============================================>    ]  106.4MB/113.2MB
jwt-smoke	Bring up minimal stack	2025-08-19T15:25:17.8875643Z  b5cf1c58df65 Pull complete 
jwt-smoke	Bring up minimal stack	2025-08-19T15:25:17.8934353Z  redis Pulled 
jwt-smoke	Bring up minimal stack	2025-08-19T15:25:17.9879255Z  a1e4ad56dcec Downloading [================================================>  ]    109MB/113.2MB
jwt-smoke	Bring up minimal stack	2025-08-19T15:25:18.0985191Z  a1e4ad56dcec Downloading [================================================>  ]  110.6MB/113.2MB
jwt-smoke	Bring up minimal stack	2025-08-19T15:25:18.1695205Z  a1e4ad56dcec Verifying Checksum 
jwt-smoke	Bring up minimal stack	2025-08-19T15:25:18.1695738Z  a1e4ad56dcec Download complete 
jwt-smoke	Bring up minimal stack	2025-08-19T15:25:18.2288235Z  a1e4ad56dcec Extracting [>                                                  ]  557.1kB/113.2MB
jwt-smoke	Bring up minimal stack	2025-08-19T15:25:18.3448095Z  a1e4ad56dcec Extracting [===>                                               ]  7.799MB/113.2MB
jwt-smoke	Bring up minimal stack	2025-08-19T15:25:18.4462004Z  a1e4ad56dcec Extracting [====>                                              ]  10.58MB/113.2MB
jwt-smoke	Bring up minimal stack	2025-08-19T15:25:18.5485100Z  a1e4ad56dcec Extracting [======>                                            ]  15.04MB/113.2MB
jwt-smoke	Bring up minimal stack	2025-08-19T15:25:18.6542564Z  a1e4ad56dcec Extracting [========>                                          ]  20.05MB/113.2MB
jwt-smoke	Bring up minimal stack	2025-08-19T15:25:18.7557438Z  a1e4ad56dcec Extracting [===========>                                       ]  25.62MB/113.2MB
jwt-smoke	Bring up minimal stack	2025-08-19T15:25:18.8570096Z  a1e4ad56dcec Extracting [===============>                                   ]  35.09MB/113.2MB
jwt-smoke	Bring up minimal stack	2025-08-19T15:25:18.9607154Z  a1e4ad56dcec Extracting [===================>                               ]  44.56MB/113.2MB
jwt-smoke	Bring up minimal stack	2025-08-19T15:25:19.0626013Z  a1e4ad56dcec Extracting [=======================>                           ]  53.48MB/113.2MB
jwt-smoke	Bring up minimal stack	2025-08-19T15:25:19.1633959Z  a1e4ad56dcec Extracting [=========================>                         ]  58.49MB/113.2MB
jwt-smoke	Bring up minimal stack	2025-08-19T15:25:19.2648932Z  a1e4ad56dcec Extracting [=============================>                     ]  66.85MB/113.2MB
jwt-smoke	Bring up minimal stack	2025-08-19T15:25:19.3685121Z  a1e4ad56dcec Extracting [=================================>                 ]  76.87MB/113.2MB
jwt-smoke	Bring up minimal stack	2025-08-19T15:25:19.4710172Z  a1e4ad56dcec Extracting [=====================================>             ]  85.79MB/113.2MB
jwt-smoke	Bring up minimal stack	2025-08-19T15:25:19.5759033Z  a1e4ad56dcec Extracting [=========================================>         ]   94.7MB/113.2MB
jwt-smoke	Bring up minimal stack	2025-08-19T15:25:19.6791721Z  a1e4ad56dcec Extracting [===========================================>       ]  97.48MB/113.2MB
jwt-smoke	Bring up minimal stack	2025-08-19T15:25:19.7972674Z  a1e4ad56dcec Extracting [============================================>      ]  100.8MB/113.2MB
jwt-smoke	Bring up minimal stack	2025-08-19T15:25:19.9031745Z  a1e4ad56dcec Extracting [==============================================>    ]  104.7MB/113.2MB
jwt-smoke	Bring up minimal stack	2025-08-19T15:25:20.0343972Z  a1e4ad56dcec Extracting [===============================================>   ]  107.5MB/113.2MB
jwt-smoke	Bring up minimal stack	2025-08-19T15:25:20.1513302Z  a1e4ad56dcec Extracting [================================================>  ]  109.2MB/113.2MB
jwt-smoke	Bring up minimal stack	2025-08-19T15:25:20.3819814Z  a1e4ad56dcec Extracting [=================================================> ]  111.4MB/113.2MB
jwt-smoke	Bring up minimal stack	2025-08-19T15:25:20.5153206Z  a1e4ad56dcec Extracting [=================================================> ]  112.5MB/113.2MB
jwt-smoke	Bring up minimal stack	2025-08-19T15:25:20.5764227Z  a1e4ad56dcec Extracting [==================================================>]  113.2MB/113.2MB
jwt-smoke	Bring up minimal stack	2025-08-19T15:25:21.1800355Z  a1e4ad56dcec Pull complete 
jwt-smoke	Bring up minimal stack	2025-08-19T15:25:21.1812756Z  987c1b4919ea Extracting [==================================================>]  10.01kB/10.01kB
jwt-smoke	Bring up minimal stack	2025-08-19T15:25:21.1818422Z  987c1b4919ea Extracting [==================================================>]  10.01kB/10.01kB
jwt-smoke	Bring up minimal stack	2025-08-19T15:25:21.1934365Z  987c1b4919ea Pull complete 
jwt-smoke	Bring up minimal stack	2025-08-19T15:25:21.1944895Z  a858bd6d34e8 Extracting [==================================================>]     128B/128B
jwt-smoke	Bring up minimal stack	2025-08-19T15:25:21.1949162Z  a858bd6d34e8 Extracting [==================================================>]     128B/128B
jwt-smoke	Bring up minimal stack	2025-08-19T15:25:21.2037767Z  a858bd6d34e8 Pull complete 
jwt-smoke	Bring up minimal stack	2025-08-19T15:25:21.2047822Z  f1b3502db45a Extracting [==================================================>]     169B/169B
jwt-smoke	Bring up minimal stack	2025-08-19T15:25:21.2051046Z  f1b3502db45a Extracting [==================================================>]     169B/169B
jwt-smoke	Bring up minimal stack	2025-08-19T15:25:21.2129082Z  f1b3502db45a Pull complete 
jwt-smoke	Bring up minimal stack	2025-08-19T15:25:21.2138453Z  25ef78fb127c Extracting [==================================================>]  5.925kB/5.925kB
jwt-smoke	Bring up minimal stack	2025-08-19T15:25:21.2143274Z  25ef78fb127c Extracting [==================================================>]  5.925kB/5.925kB
jwt-smoke	Bring up minimal stack	2025-08-19T15:25:21.2234315Z  25ef78fb127c Pull complete 
jwt-smoke	Bring up minimal stack	2025-08-19T15:25:21.2245587Z  240810240d04 Extracting [==================================================>]     184B/184B
jwt-smoke	Bring up minimal stack	2025-08-19T15:25:21.2250381Z  240810240d04 Extracting [==================================================>]     184B/184B
jwt-smoke	Bring up minimal stack	2025-08-19T15:25:21.2325553Z  240810240d04 Pull complete 
jwt-smoke	Bring up minimal stack	2025-08-19T15:25:21.2380642Z  postgres Pulled 
jwt-smoke	Bring up minimal stack	2025-08-19T15:25:23.4412903Z #1 [internal] load local bake definitions
jwt-smoke	Bring up minimal stack	2025-08-19T15:25:23.5649263Z #1 reading from stdin 468B done
jwt-smoke	Bring up minimal stack	2025-08-19T15:25:23.5649988Z #1 DONE 0.0s
jwt-smoke	Bring up minimal stack	2025-08-19T15:25:23.7299059Z 
jwt-smoke	Bring up minimal stack	2025-08-19T15:25:23.7299479Z #2 [internal] load build definition from Dockerfile
jwt-smoke	Bring up minimal stack	2025-08-19T15:25:23.7299911Z #2 transferring dockerfile: 430B done
jwt-smoke	Bring up minimal stack	2025-08-19T15:25:23.7300212Z #2 DONE 0.0s
jwt-smoke	Bring up minimal stack	2025-08-19T15:25:23.7300346Z 
jwt-smoke	Bring up minimal stack	2025-08-19T15:25:23.7300633Z #3 resolve image config for docker-image://docker.io/docker/dockerfile:1
jwt-smoke	Bring up minimal stack	2025-08-19T15:25:23.9548719Z #3 ...
jwt-smoke	Bring up minimal stack	2025-08-19T15:25:23.9549093Z 
jwt-smoke	Bring up minimal stack	2025-08-19T15:25:23.9549402Z #4 [auth] docker/dockerfile:pull token for registry-1.docker.io
jwt-smoke	Bring up minimal stack	2025-08-19T15:25:23.9549922Z #4 DONE 0.0s
jwt-smoke	Bring up minimal stack	2025-08-19T15:25:24.1050872Z 
jwt-smoke	Bring up minimal stack	2025-08-19T15:25:24.1051515Z #3 resolve image config for docker-image://docker.io/docker/dockerfile:1
jwt-smoke	Bring up minimal stack	2025-08-19T15:25:24.5408783Z #3 DONE 1.0s
jwt-smoke	Bring up minimal stack	2025-08-19T15:25:24.6463613Z 
jwt-smoke	Bring up minimal stack	2025-08-19T15:25:24.6464666Z #5 docker-image://docker.io/docker/dockerfile:1@sha256:38387523653efa0039f8e1c89bb74a30504e76ee9f565e25c9a09841f9427b05
jwt-smoke	Bring up minimal stack	2025-08-19T15:25:24.6465934Z #5 resolve docker.io/docker/dockerfile:1@sha256:38387523653efa0039f8e1c89bb74a30504e76ee9f565e25c9a09841f9427b05 done
jwt-smoke	Bring up minimal stack	2025-08-19T15:25:24.6467245Z #5 sha256:38387523653efa0039f8e1c89bb74a30504e76ee9f565e25c9a09841f9427b05 8.40kB / 8.40kB done
jwt-smoke	Bring up minimal stack	2025-08-19T15:25:24.6468190Z #5 sha256:3946d01fff9c67a3485cddda7fa127b01171827723951a9e372ee7d00ea9d71f 850B / 850B done
jwt-smoke	Bring up minimal stack	2025-08-19T15:25:24.6469123Z #5 sha256:b6fc900718559f1a1c6e9880f98381d9c10959a025d5d8dc641afbb9d8c4909c 1.26kB / 1.26kB done
jwt-smoke	Bring up minimal stack	2025-08-19T15:25:24.6470099Z #5 sha256:fdbb657bc4fdee228c0c20080da3a4cc193ef22c6637ae12109c8feba99debea 0B / 14.09MB 0.1s
jwt-smoke	Bring up minimal stack	2025-08-19T15:25:24.8458818Z #5 sha256:fdbb657bc4fdee228c0c20080da3a4cc193ef22c6637ae12109c8feba99debea 11.53MB / 14.09MB 0.3s
jwt-smoke	Bring up minimal stack	2025-08-19T15:25:24.9965551Z #5 sha256:fdbb657bc4fdee228c0c20080da3a4cc193ef22c6637ae12109c8feba99debea 14.09MB / 14.09MB 0.3s done
jwt-smoke	Bring up minimal stack	2025-08-19T15:25:24.9966857Z #5 extracting sha256:fdbb657bc4fdee228c0c20080da3a4cc193ef22c6637ae12109c8feba99debea 0.1s
jwt-smoke	Bring up minimal stack	2025-08-19T15:25:25.2327778Z #5 extracting sha256:fdbb657bc4fdee228c0c20080da3a4cc193ef22c6637ae12109c8feba99debea 0.1s done
jwt-smoke	Bring up minimal stack	2025-08-19T15:25:25.2328431Z #5 DONE 0.5s
jwt-smoke	Bring up minimal stack	2025-08-19T15:25:25.2328582Z 
jwt-smoke	Bring up minimal stack	2025-08-19T15:25:25.2328801Z #6 [internal] load metadata for docker.io/library/python:3.12-slim
jwt-smoke	Bring up minimal stack	2025-08-19T15:25:25.4477843Z #6 ...
jwt-smoke	Bring up minimal stack	2025-08-19T15:25:25.4478047Z 
jwt-smoke	Bring up minimal stack	2025-08-19T15:25:25.4478219Z #7 [auth] library/python:pull token for registry-1.docker.io
jwt-smoke	Bring up minimal stack	2025-08-19T15:25:25.4478535Z #7 DONE 0.0s
jwt-smoke	Bring up minimal stack	2025-08-19T15:25:25.5981520Z 
jwt-smoke	Bring up minimal stack	2025-08-19T15:25:25.5982073Z #6 [internal] load metadata for docker.io/library/python:3.12-slim
jwt-smoke	Bring up minimal stack	2025-08-19T15:25:25.8849373Z #6 DONE 0.8s
jwt-smoke	Bring up minimal stack	2025-08-19T15:25:26.0428004Z 
jwt-smoke	Bring up minimal stack	2025-08-19T15:25:26.0428558Z #8 [internal] load .dockerignore
jwt-smoke	Bring up minimal stack	2025-08-19T15:25:26.0429026Z #8 transferring context: 2B done
jwt-smoke	Bring up minimal stack	2025-08-19T15:25:26.0429307Z #8 DONE 0.0s
jwt-smoke	Bring up minimal stack	2025-08-19T15:25:26.0429445Z 
jwt-smoke	Bring up minimal stack	2025-08-19T15:25:26.0429549Z #9 [internal] load build context
jwt-smoke	Bring up minimal stack	2025-08-19T15:25:26.0429846Z #9 transferring context: 7.74kB done
jwt-smoke	Bring up minimal stack	2025-08-19T15:25:26.0430136Z #9 DONE 0.0s
jwt-smoke	Bring up minimal stack	2025-08-19T15:25:26.0430266Z 
jwt-smoke	Bring up minimal stack	2025-08-19T15:25:26.0430715Z #10 [1/5] FROM docker.io/library/python:3.12-slim@sha256:d67a7b66b989ad6b6d6b10d428dcc5e0bfc3e5f88906e67d490c4d3daac57047
jwt-smoke	Bring up minimal stack	2025-08-19T15:25:26.0431719Z #10 resolve docker.io/library/python:3.12-slim@sha256:d67a7b66b989ad6b6d6b10d428dcc5e0bfc3e5f88906e67d490c4d3daac57047 done
jwt-smoke	Bring up minimal stack	2025-08-19T15:25:26.0432631Z #10 sha256:d67a7b66b989ad6b6d6b10d428dcc5e0bfc3e5f88906e67d490c4d3daac57047 10.37kB / 10.37kB done
jwt-smoke	Bring up minimal stack	2025-08-19T15:25:26.0433774Z #10 sha256:8f3d1de1b41cd7340a89b024d6f7a10043f7b0d07d97eb36ba76f22fcfa9a235 1.75kB / 1.75kB done
jwt-smoke	Bring up minimal stack	2025-08-19T15:25:26.0434568Z #10 sha256:bad5eac7befe06d25bef9d4d894d7467355bac08745c745a88977774933fa032 5.58kB / 5.58kB done
jwt-smoke	Bring up minimal stack	2025-08-19T15:25:26.0435492Z #10 sha256:5d587318e932a89b94608393c99dd30ee5092a6991c1656f717bd4f4e13d60df 0B / 1.29MB 0.1s
jwt-smoke	Bring up minimal stack	2025-08-19T15:25:26.0436248Z #10 sha256:e5c05dcf47fbdb2f18dc242ad1b7f48fbd3813c0027ffcfb8e81e4aa7e0965f4 0B / 12.11MB 0.1s
jwt-smoke	Bring up minimal stack	2025-08-19T15:25:26.0437262Z #10 sha256:d76206d463c08ba2a3f7bbab2de2a933ad73f33ab4ab813eafe50c9dff9edc12 0B / 251B 0.1s
jwt-smoke	Bring up minimal stack	2025-08-19T15:25:26.1859178Z #10 sha256:e5c05dcf47fbdb2f18dc242ad1b7f48fbd3813c0027ffcfb8e81e4aa7e0965f4 6.29MB / 12.11MB 0.2s
jwt-smoke	Bring up minimal stack	2025-08-19T15:25:26.1860674Z #10 extracting sha256:5d587318e932a89b94608393c99dd30ee5092a6991c1656f717bd4f4e13d60df
jwt-smoke	Bring up minimal stack	2025-08-19T15:25:26.2917887Z #10 sha256:5d587318e932a89b94608393c99dd30ee5092a6991c1656f717bd4f4e13d60df 1.29MB / 1.29MB 0.2s done
jwt-smoke	Bring up minimal stack	2025-08-19T15:25:26.2918806Z #10 sha256:e5c05dcf47fbdb2f18dc242ad1b7f48fbd3813c0027ffcfb8e81e4aa7e0965f4 11.53MB / 12.11MB 0.3s
jwt-smoke	Bring up minimal stack	2025-08-19T15:25:26.4364756Z #10 sha256:e5c05dcf47fbdb2f18dc242ad1b7f48fbd3813c0027ffcfb8e81e4aa7e0965f4 12.11MB / 12.11MB 0.3s done
jwt-smoke	Bring up minimal stack	2025-08-19T15:25:26.4365989Z #10 sha256:d76206d463c08ba2a3f7bbab2de2a933ad73f33ab4ab813eafe50c9dff9edc12 251B / 251B 0.3s done
jwt-smoke	Bring up minimal stack	2025-08-19T15:25:26.4367054Z #10 extracting sha256:5d587318e932a89b94608393c99dd30ee5092a6991c1656f717bd4f4e13d60df 0.1s done
jwt-smoke	Bring up minimal stack	2025-08-19T15:25:26.4367914Z #10 extracting sha256:e5c05dcf47fbdb2f18dc242ad1b7f48fbd3813c0027ffcfb8e81e4aa7e0965f4 0.1s
jwt-smoke	Bring up minimal stack	2025-08-19T15:25:26.9249958Z #10 extracting sha256:e5c05dcf47fbdb2f18dc242ad1b7f48fbd3813c0027ffcfb8e81e4aa7e0965f4 0.5s done
jwt-smoke	Bring up minimal stack	2025-08-19T15:25:26.9251958Z #10 extracting sha256:d76206d463c08ba2a3f7bbab2de2a933ad73f33ab4ab813eafe50c9dff9edc12
jwt-smoke	Bring up minimal stack	2025-08-19T15:25:27.1113655Z #10 extracting sha256:d76206d463c08ba2a3f7bbab2de2a933ad73f33ab4ab813eafe50c9dff9edc12 done
jwt-smoke	Bring up minimal stack	2025-08-19T15:25:27.1114552Z #10 DONE 1.0s
jwt-smoke	Bring up minimal stack	2025-08-19T15:25:27.1114747Z 
jwt-smoke	Bring up minimal stack	2025-08-19T15:25:27.1114924Z #11 [2/5] WORKDIR /app
jwt-smoke	Bring up minimal stack	2025-08-19T15:25:27.1115261Z #11 DONE 0.0s
jwt-smoke	Bring up minimal stack	2025-08-19T15:25:27.1115445Z 
jwt-smoke	Bring up minimal stack	2025-08-19T15:25:27.1115599Z #12 [3/5] COPY requirements.txt /app/
jwt-smoke	Bring up minimal stack	2025-08-19T15:25:27.1116013Z #12 DONE 0.0s
jwt-smoke	Bring up minimal stack	2025-08-19T15:25:27.1116201Z 
jwt-smoke	Bring up minimal stack	2025-08-19T15:25:27.1116996Z #13 [4/5] RUN pip install --no-cache-dir --upgrade pip &&     pip install --no-cache-dir -r requirements.txt
jwt-smoke	Bring up minimal stack	2025-08-19T15:25:28.2593650Z #13 1.298 Requirement already satisfied: pip in /usr/local/lib/python3.12/site-packages (25.0.1)
jwt-smoke	Bring up minimal stack	2025-08-19T15:25:28.3614631Z #13 1.345 Collecting pip
jwt-smoke	Bring up minimal stack	2025-08-19T15:25:28.3615334Z #13 1.377   Downloading pip-25.2-py3-none-any.whl.metadata (4.7 kB)
jwt-smoke	Bring up minimal stack	2025-08-19T15:25:28.3616089Z #13 1.382 Downloading pip-25.2-py3-none-any.whl (1.8 MB)
jwt-smoke	Bring up minimal stack	2025-08-19T15:25:28.5801808Z #13 1.400    ΓöüΓöüΓöüΓöüΓöüΓöüΓöüΓöüΓöüΓöüΓöüΓöüΓöüΓöüΓöüΓöüΓöüΓöüΓöüΓöüΓöüΓöüΓöüΓöüΓöüΓöüΓöüΓöüΓöüΓöüΓöüΓöüΓöüΓöüΓöüΓöüΓöüΓöüΓöüΓöü 1.8/1.8 MB 176.6 MB/s eta 0:00:00
jwt-smoke	Bring up minimal stack	2025-08-19T15:25:28.5802541Z #13 1.416 Installing collected packages: pip
jwt-smoke	Bring up minimal stack	2025-08-19T15:25:28.5803093Z #13 1.416   Attempting uninstall: pip
jwt-smoke	Bring up minimal stack	2025-08-19T15:25:28.5803703Z #13 1.419     Found existing installation: pip 25.0.1
jwt-smoke	Bring up minimal stack	2025-08-19T15:25:28.5804327Z #13 1.459     Uninstalling pip-25.0.1:
jwt-smoke	Bring up minimal stack	2025-08-19T15:25:28.5804909Z #13 1.469       Successfully uninstalled pip-25.0.1
jwt-smoke	Bring up minimal stack	2025-08-19T15:25:29.2402656Z #13 2.279 Successfully installed pip-25.2
jwt-smoke	Bring up minimal stack	2025-08-19T15:25:29.3910371Z #13 2.280 WARNING: Running pip as the 'root' user can result in broken permissions and conflicting behaviour with the system package manager, possibly rendering your system unusable. It is recommended to use a virtual environment instead: https://pip.pypa.io/warnings/venv. Use the --root-user-action option if you know what you are doing and want to suppress this warning.
jwt-smoke	Bring up minimal stack	2025-08-19T15:25:30.1028708Z #13 3.142 Collecting fastapi>=0.111.0 (from -r requirements.txt (line 1))
jwt-smoke	Bring up minimal stack	2025-08-19T15:25:30.2649113Z #13 3.158   Downloading fastapi-0.116.1-py3-none-any.whl.metadata (28 kB)
jwt-smoke	Bring up minimal stack	2025-08-19T15:25:30.2650282Z #13 3.186 Collecting uvicorn>=0.30.0 (from uvicorn[standard]>=0.30.0->-r requirements.txt (line 2))
jwt-smoke	Bring up minimal stack	2025-08-19T15:25:30.2651462Z #13 3.188   Downloading uvicorn-0.35.0-py3-none-any.whl.metadata (6.5 kB)
jwt-smoke	Bring up minimal stack	2025-08-19T15:25:30.2652544Z #13 3.198 Collecting python-jose>=3.3.0 (from python-jose[cryptography]>=3.3.0->-r requirements.txt (line 3))
jwt-smoke	Bring up minimal stack	2025-08-19T15:25:30.2653933Z #13 3.200   Downloading python_jose-3.5.0-py2.py3-none-any.whl.metadata (5.5 kB)
jwt-smoke	Bring up minimal stack	2025-08-19T15:25:30.2654846Z #13 3.304 Collecting pydantic>=2.7.0 (from -r requirements.txt (line 4))
jwt-smoke	Bring up minimal stack	2025-08-19T15:25:30.3673107Z #13 3.307   Downloading pydantic-2.11.7-py3-none-any.whl.metadata (67 kB)
jwt-smoke	Bring up minimal stack	2025-08-19T15:25:30.3673915Z #13 3.326 Collecting httpx>=0.27.0 (from -r requirements.txt (line 5))
jwt-smoke	Bring up minimal stack	2025-08-19T15:25:30.3674520Z #13 3.328   Downloading httpx-0.28.1-py3-none-any.whl.metadata (7.1 kB)
jwt-smoke	Bring up minimal stack	2025-08-19T15:25:30.3675245Z #13 3.369 Collecting py***>=8.2.0 (from -r requirements.txt (line 6))
jwt-smoke	Bring up minimal stack	2025-08-19T15:25:30.3675900Z #13 3.371   Downloading py***-8.4.1-py3-none-any.whl.metadata (7.7 kB)
jwt-smoke	Bring up minimal stack	2025-08-19T15:25:30.3676827Z #13 3.388 Collecting py***-asyncio>=0.23.0 (from -r requirements.txt (line 7))
jwt-smoke	Bring up minimal stack	2025-08-19T15:25:30.3677599Z #13 3.390   Downloading py***_asyncio-1.1.0-py3-none-any.whl.metadata (4.1 kB)
jwt-smoke	Bring up minimal stack	2025-08-19T15:25:30.3678428Z #13 3.406 Collecting opentelemetry-api>=1.25.0 (from -r requirements.txt (line 10))
jwt-smoke	Bring up minimal stack	2025-08-19T15:25:30.4812114Z #13 3.409   Downloading opentelemetry_api-1.36.0-py3-none-any.whl.metadata (1.5 kB)
jwt-smoke	Bring up minimal stack	2025-08-19T15:25:30.4812986Z #13 3.424 Collecting opentelemetry-sdk>=1.25.0 (from -r requirements.txt (line 11))
jwt-smoke	Bring up minimal stack	2025-08-19T15:25:30.4813770Z #13 3.426   Downloading opentelemetry_sdk-1.36.0-py3-none-any.whl.metadata (1.5 kB)
jwt-smoke	Bring up minimal stack	2025-08-19T15:25:30.4814646Z #13 3.442 Collecting opentelemetry-instrumentation-fastapi>=0.46b0 (from -r requirements.txt (line 12))
jwt-smoke	Bring up minimal stack	2025-08-19T15:25:30.4815626Z #13 3.445   Downloading opentelemetry_instrumentation_fastapi-0.57b0-py3-none-any.whl.metadata (2.2 kB)
jwt-smoke	Bring up minimal stack	2025-08-19T15:25:30.4816523Z #13 3.460 Collecting opentelemetry-exporter-otlp>=1.25.0 (from -r requirements.txt (line 13))
jwt-smoke	Bring up minimal stack	2025-08-19T15:25:30.4817216Z #13 3.462   Downloading opentelemetry_exporter_otlp-1.36.0-py3-none-any.whl.metadata (2.4 kB)
jwt-smoke	Bring up minimal stack	2025-08-19T15:25:30.4817886Z #13 3.520 Collecting schemathesis>=3.26.3 (from -r requirements.txt (line 16))
jwt-smoke	Bring up minimal stack	2025-08-19T15:25:30.5992097Z #13 3.524   Downloading schemathesis-4.1.0-py3-none-any.whl.metadata (8.5 kB)
jwt-smoke	Bring up minimal stack	2025-08-19T15:25:30.5993991Z #13 3.545 Collecting ***containers>=4.8.1 (from -r requirements.txt (line 17))
jwt-smoke	Bring up minimal stack	2025-08-19T15:25:30.5994936Z #13 3.548   Downloading ***containers-4.12.0-py3-none-any.whl.metadata (8.3 kB)
jwt-smoke	Bring up minimal stack	2025-08-19T15:25:30.5995884Z #13 3.586 Collecting starlette<0.48.0,>=0.40.0 (from fastapi>=0.111.0->-r requirements.txt (line 1))
jwt-smoke	Bring up minimal stack	2025-08-19T15:25:30.5997063Z #13 3.588   Downloading starlette-0.47.2-py3-none-any.whl.metadata (6.2 kB)
jwt-smoke	Bring up minimal stack	2025-08-19T15:25:30.5998016Z #13 3.638 Collecting typing-extensions>=4.8.0 (from fastapi>=0.111.0->-r requirements.txt (line 1))
jwt-smoke	Bring up minimal stack	2025-08-19T15:25:30.7609945Z #13 3.641   Downloading typing_extensions-4.14.1-py3-none-any.whl.metadata (3.0 kB)
jwt-smoke	Bring up minimal stack	2025-08-19T15:25:30.7610761Z #13 3.647 Collecting annotated-types>=0.6.0 (from pydantic>=2.7.0->-r requirements.txt (line 4))
jwt-smoke	Bring up minimal stack	2025-08-19T15:25:31.2416023Z #13 3.650   Downloading annotated_types-0.7.0-py3-none-any.whl.metadata (15 kB)
jwt-smoke	Bring up minimal stack	2025-08-19T15:25:31.2417029Z #13 4.281 Collecting pydantic-core==2.33.2 (from pydantic>=2.7.0->-r requirements.txt (line 4))
jwt-smoke	Bring up minimal stack	2025-08-19T15:25:31.3445676Z #13 4.283   Downloading pydantic_core-2.33.2-cp312-cp312-manylinux_2_17_x86_64.manylinux2014_x86_64.whl.metadata (6.8 kB)
jwt-smoke	Bring up minimal stack	2025-08-19T15:25:31.3447517Z #13 4.293 Collecting typing-inspection>=0.4.0 (from pydantic>=2.7.0->-r requirements.txt (line 4))
jwt-smoke	Bring up minimal stack	2025-08-19T15:25:31.3448404Z #13 4.295   Downloading typing_inspection-0.4.1-py3-none-any.whl.metadata (2.6 kB)
jwt-smoke	Bring up minimal stack	2025-08-19T15:25:31.3449554Z #13 4.316 Collecting anyio<5,>=3.6.2 (from starlette<0.48.0,>=0.40.0->fastapi>=0.111.0->-r requirements.txt (line 1))
jwt-smoke	Bring up minimal stack	2025-08-19T15:25:31.3450616Z #13 4.319   Downloading anyio-4.10.0-py3-none-any.whl.metadata (4.0 kB)
jwt-smoke	Bring up minimal stack	2025-08-19T15:25:31.3451976Z #13 4.333 Collecting idna>=2.8 (from anyio<5,>=3.6.2->starlette<0.48.0,>=0.40.0->fastapi>=0.111.0->-r requirements.txt (line 1))
jwt-smoke	Bring up minimal stack	2025-08-19T15:25:31.3453496Z #13 4.335   Downloading idna-3.10-py3-none-any.whl.metadata (10 kB)
jwt-smoke	Bring up minimal stack	2025-08-19T15:25:31.3454892Z #13 4.341 Collecting sniffio>=1.1 (from anyio<5,>=3.6.2->starlette<0.48.0,>=0.40.0->fastapi>=0.111.0->-r requirements.txt (line 1))
jwt-smoke	Bring up minimal stack	2025-08-19T15:25:31.3456569Z #13 4.344   Downloading sniffio-1.3.1-py3-none-any.whl.metadata (3.9 kB)
jwt-smoke	Bring up minimal stack	2025-08-19T15:25:31.3457520Z #13 4.363 Collecting click>=7.0 (from uvicorn>=0.30.0->uvicorn[standard]>=0.30.0->-r requirements.txt (line 2))
jwt-smoke	Bring up minimal stack	2025-08-19T15:25:31.3458345Z #13 4.365   Downloading click-8.2.1-py3-none-any.whl.metadata (2.5 kB)
jwt-smoke	Bring up minimal stack	2025-08-19T15:25:31.3459009Z #13 4.372 Collecting h11>=0.8 (from uvicorn>=0.30.0->uvicorn[standard]>=0.30.0->-r requirements.txt (line 2))
jwt-smoke	Bring up minimal stack	2025-08-19T15:25:31.3459643Z #13 4.374   Downloading h11-0.16.0-py3-none-any.whl.metadata (8.3 kB)
jwt-smoke	Bring up minimal stack	2025-08-19T15:25:31.3460576Z #13 4.384 Collecting ecdsa!=0.15 (from python-jose>=3.3.0->python-jose[cryptography]>=3.3.0->-r requirements.txt (line 3))
jwt-smoke	Bring up minimal stack	2025-08-19T15:25:31.4448434Z #13 4.386   Downloading ecdsa-0.19.1-py2.py3-none-any.whl.metadata (29 kB)
jwt-smoke	Bring up minimal stack	2025-08-19T15:25:31.4449650Z #13 4.400 Collecting rsa!=4.1.1,!=4.4,<5.0,>=4.0 (from python-jose>=3.3.0->python-jose[cryptography]>=3.3.0->-r requirements.txt (line 3))
jwt-smoke	Bring up minimal stack	2025-08-19T15:25:31.4450527Z #13 4.403   Downloading rsa-4.9.1-py3-none-any.whl.metadata (5.6 kB)
jwt-smoke	Bring up minimal stack	2025-08-19T15:25:31.4451238Z #13 4.419 Collecting pyasn1>=0.5.0 (from python-jose>=3.3.0->python-jose[cryptography]>=3.3.0->-r requirements.txt (line 3))
jwt-smoke	Bring up minimal stack	2025-08-19T15:25:31.4451950Z #13 4.421   Downloading pyasn1-0.6.1-py3-none-any.whl.metadata (8.4 kB)
jwt-smoke	Bring up minimal stack	2025-08-19T15:25:31.4452501Z #13 4.439 Collecting certifi (from httpx>=0.27.0->-r requirements.txt (line 5))
jwt-smoke	Bring up minimal stack	2025-08-19T15:25:31.4453073Z #13 4.441   Downloading certifi-2025.8.3-py3-none-any.whl.metadata (2.4 kB)
jwt-smoke	Bring up minimal stack	2025-08-19T15:25:31.4453655Z #13 4.456 Collecting httpcore==1.* (from httpx>=0.27.0->-r requirements.txt (line 5))
jwt-smoke	Bring up minimal stack	2025-08-19T15:25:31.4454249Z #13 4.458   Downloading httpcore-1.0.9-py3-none-any.whl.metadata (21 kB)
jwt-smoke	Bring up minimal stack	2025-08-19T15:25:31.4454983Z #13 4.468 Collecting iniconfig>=1 (from py***>=8.2.0->-r requirements.txt (line 6))
jwt-smoke	Bring up minimal stack	2025-08-19T15:25:31.4455577Z #13 4.470   Downloading iniconfig-2.1.0-py3-none-any.whl.metadata (2.7 kB)
jwt-smoke	Bring up minimal stack	2025-08-19T15:25:31.4456174Z #13 4.482 Collecting packaging>=20 (from py***>=8.2.0->-r requirements.txt (line 6))
jwt-smoke	Bring up minimal stack	2025-08-19T15:25:31.4456939Z #13 4.484   Downloading packaging-25.0-py3-none-any.whl.metadata (3.3 kB)
jwt-smoke	Bring up minimal stack	2025-08-19T15:25:31.5496987Z #13 4.492 Collecting pluggy<2,>=1.5 (from py***>=8.2.0->-r requirements.txt (line 6))
jwt-smoke	Bring up minimal stack	2025-08-19T15:25:31.5498086Z #13 4.494   Downloading pluggy-1.6.0-py3-none-any.whl.metadata (4.8 kB)
jwt-smoke	Bring up minimal stack	2025-08-19T15:25:31.5499177Z #13 4.510 Collecting pygments>=2.7.2 (from py***>=8.2.0->-r requirements.txt (line 6))
jwt-smoke	Bring up minimal stack	2025-08-19T15:25:31.5500188Z #13 4.513   Downloading pygments-2.19.2-py3-none-any.whl.metadata (2.5 kB)
jwt-smoke	Bring up minimal stack	2025-08-19T15:25:31.5501388Z #13 4.550 Collecting importlib-metadata<8.8.0,>=6.0 (from opentelemetry-api>=1.25.0->-r requirements.txt (line 10))
jwt-smoke	Bring up minimal stack	2025-08-19T15:25:31.5502661Z #13 4.552   Downloading importlib_metadata-8.7.0-py3-none-any.whl.metadata (4.8 kB)
jwt-smoke	Bring up minimal stack	2025-08-19T15:25:31.5504136Z #13 4.569 Collecting zipp>=3.20 (from importlib-metadata<8.8.0,>=6.0->opentelemetry-api>=1.25.0->-r requirements.txt (line 10))
jwt-smoke	Bring up minimal stack	2025-08-19T15:25:31.5505383Z #13 4.571   Downloading zipp-3.23.0-py3-none-any.whl.metadata (3.6 kB)
jwt-smoke	Bring up minimal stack	2025-08-19T15:25:31.5506772Z #13 4.589 Collecting opentelemetry-semantic-conventions==0.57b0 (from opentelemetry-sdk>=1.25.0->-r requirements.txt (line 11))
jwt-smoke	Bring up minimal stack	2025-08-19T15:25:31.7127204Z #13 4.592   Downloading opentelemetry_semantic_conventions-0.57b0-py3-none-any.whl.metadata (2.4 kB)
jwt-smoke	Bring up minimal stack	2025-08-19T15:25:31.7128739Z #13 4.611 Collecting opentelemetry-instrumentation-asgi==0.57b0 (from opentelemetry-instrumentation-fastapi>=0.46b0->-r requirements.txt (line 12))
jwt-smoke	Bring up minimal stack	2025-08-19T15:25:31.7130184Z #13 4.614   Downloading opentelemetry_instrumentation_asgi-0.57b0-py3-none-any.whl.metadata (2.0 kB)
jwt-smoke	Bring up minimal stack	2025-08-19T15:25:31.7131872Z #13 4.628 Collecting opentelemetry-instrumentation==0.57b0 (from opentelemetry-instrumentation-fastapi>=0.46b0->-r requirements.txt (line 12))
jwt-smoke	Bring up minimal stack	2025-08-19T15:25:31.7133388Z #13 4.630   Downloading opentelemetry_instrumentation-0.57b0-py3-none-any.whl.metadata (6.7 kB)
jwt-smoke	Bring up minimal stack	2025-08-19T15:25:31.7134306Z #13 4.643 Collecting opentelemetry-util-http==0.57b0 (from opentelemetry-instrumentation-fastapi>=0.46b0->-r requirements.txt (line 12))
jwt-smoke	Bring up minimal stack	2025-08-19T15:25:31.7135014Z #13 4.645   Downloading opentelemetry_util_http-0.57b0-py3-none-any.whl.metadata (2.6 kB)
jwt-smoke	Bring up minimal stack	2025-08-19T15:25:31.7135789Z #13 4.752 Collecting wrapt<2.0.0,>=1.0.0 (from opentelemetry-instrumentation==0.57b0->opentelemetry-instrumentation-fastapi>=0.46b0->-r requirements.txt (line 12))
jwt-smoke	Bring up minimal stack	2025-08-19T15:25:31.9473135Z #13 4.755   Downloading wrapt-1.17.3-cp312-cp312-manylinux1_x86_64.manylinux_2_28_x86_64.manylinux_2_5_x86_64.whl.metadata (6.4 kB)
jwt-smoke	Bring up minimal stack	2025-08-19T15:25:31.9474768Z #13 4.776 Collecting asgiref~=3.0 (from opentelemetry-instrumentation-asgi==0.57b0->opentelemetry-instrumentation-fastapi>=0.46b0->-r requirements.txt (line 12))
jwt-smoke	Bring up minimal stack	2025-08-19T15:25:31.9476013Z #13 4.779   Downloading asgiref-3.9.1-py3-none-any.whl.metadata (9.3 kB)
jwt-smoke	Bring up minimal stack	2025-08-19T15:25:31.9476935Z #13 4.798 Collecting opentelemetry-exporter-otlp-proto-grpc==1.36.0 (from opentelemetry-exporter-otlp>=1.25.0->-r requirements.txt (line 13))
jwt-smoke	Bring up minimal stack	2025-08-19T15:25:31.9477783Z #13 4.801   Downloading opentelemetry_exporter_otlp_proto_grpc-1.36.0-py3-none-any.whl.metadata (2.4 kB)
jwt-smoke	Bring up minimal stack	2025-08-19T15:25:31.9478624Z #13 4.813 Collecting opentelemetry-exporter-otlp-proto-http==1.36.0 (from opentelemetry-exporter-otlp>=1.25.0->-r requirements.txt (line 13))
jwt-smoke	Bring up minimal stack	2025-08-19T15:25:31.9479453Z #13 4.816   Downloading opentelemetry_exporter_otlp_proto_http-1.36.0-py3-none-any.whl.metadata (2.3 kB)
jwt-smoke	Bring up minimal stack	2025-08-19T15:25:31.9480417Z #13 4.833 Collecting googleapis-common-protos~=1.57 (from opentelemetry-exporter-otlp-proto-grpc==1.36.0->opentelemetry-exporter-otlp>=1.25.0->-r requirements.txt (line 13))
jwt-smoke	Bring up minimal stack	2025-08-19T15:25:31.9481345Z #13 4.836   Downloading googleapis_common_protos-1.70.0-py3-none-any.whl.metadata (9.3 kB)
jwt-smoke	Bring up minimal stack	2025-08-19T15:25:32.3260143Z #13 5.365 Collecting grpcio<2.0.0,>=1.63.2 (from opentelemetry-exporter-otlp-proto-grpc==1.36.0->opentelemetry-exporter-otlp>=1.25.0->-r requirements.txt (line 13))
jwt-smoke	Bring up minimal stack	2025-08-19T15:25:32.5613678Z #13 5.368   Downloading grpcio-1.74.0-cp312-cp312-manylinux_2_17_x86_64.manylinux2014_x86_64.whl.metadata (3.8 kB)
jwt-smoke	Bring up minimal stack	2025-08-19T15:25:32.5615481Z #13 5.383 Collecting opentelemetry-exporter-otlp-proto-common==1.36.0 (from opentelemetry-exporter-otlp-proto-grpc==1.36.0->opentelemetry-exporter-otlp>=1.25.0->-r requirements.txt (line 13))
jwt-smoke	Bring up minimal stack	2025-08-19T15:25:32.5617602Z #13 5.386   Downloading opentelemetry_exporter_otlp_proto_common-1.36.0-py3-none-any.whl.metadata (1.8 kB)
jwt-smoke	Bring up minimal stack	2025-08-19T15:25:32.5618961Z #13 5.400 Collecting opentelemetry-proto==1.36.0 (from opentelemetry-exporter-otlp-proto-grpc==1.36.0->opentelemetry-exporter-otlp>=1.25.0->-r requirements.txt (line 13))
jwt-smoke	Bring up minimal stack	2025-08-19T15:25:32.5620348Z #13 5.402   Downloading opentelemetry_proto-1.36.0-py3-none-any.whl.metadata (2.3 kB)
jwt-smoke	Bring up minimal stack	2025-08-19T15:25:32.5621538Z #13 5.447 Collecting requests~=2.7 (from opentelemetry-exporter-otlp-proto-http==1.36.0->opentelemetry-exporter-otlp>=1.25.0->-r requirements.txt (line 13))
jwt-smoke	Bring up minimal stack	2025-08-19T15:25:32.5622729Z #13 5.450   Downloading requests-2.32.5-py3-none-any.whl.metadata (4.9 kB)
jwt-smoke	Bring up minimal stack	2025-08-19T15:25:32.5629900Z #13 5.602 Collecting protobuf<7.0,>=5.0 (from opentelemetry-proto==1.36.0->opentelemetry-exporter-otlp-proto-grpc==1.36.0->opentelemetry-exporter-otlp>=1.25.0->-r requirements.txt (line 13))
jwt-smoke	Bring up minimal stack	2025-08-19T15:25:32.6929022Z #13 5.605   Downloading protobuf-6.32.0-cp39-abi3-manylinux2014_x86_64.whl.metadata (593 bytes)
jwt-smoke	Bring up minimal stack	2025-08-19T15:25:32.6930423Z #13 5.732 Collecting charset_normalizer<4,>=2 (from requests~=2.7->opentelemetry-exporter-otlp-proto-http==1.36.0->opentelemetry-exporter-otlp>=1.25.0->-r requirements.txt (line 13))
jwt-smoke	Bring up minimal stack	2025-08-19T15:25:32.8560899Z #13 5.735   Downloading charset_normalizer-3.4.3-cp312-cp312-manylinux2014_x86_64.manylinux_2_17_x86_64.manylinux_2_28_x86_64.whl.metadata (36 kB)
jwt-smoke	Bring up minimal stack	2025-08-19T15:25:32.8562242Z #13 5.764 Collecting urllib3<3,>=1.21.1 (from requests~=2.7->opentelemetry-exporter-otlp-proto-http==1.36.0->opentelemetry-exporter-otlp>=1.25.0->-r requirements.txt (line 13))
jwt-smoke	Bring up minimal stack	2025-08-19T15:25:32.8563545Z #13 5.766   Downloading urllib3-2.5.0-py3-none-any.whl.metadata (6.5 kB)
jwt-smoke	Bring up minimal stack	2025-08-19T15:25:32.8564175Z #13 5.788 Collecting backoff<3.0,>=2.1.2 (from schemathesis>=3.26.3->-r requirements.txt (line 16))
jwt-smoke	Bring up minimal stack	2025-08-19T15:25:32.8564799Z #13 5.790   Downloading backoff-2.2.1-py3-none-any.whl.metadata (14 kB)
jwt-smoke	Bring up minimal stack	2025-08-19T15:25:32.8565406Z #13 5.808 Collecting colorama<1.0,>=0.4 (from schemathesis>=3.26.3->-r requirements.txt (line 16))
jwt-smoke	Bring up minimal stack	2025-08-19T15:25:32.8566131Z #13 5.811   Downloading colorama-0.4.6-py2.py3-none-any.whl.metadata (17 kB)
jwt-smoke	Bring up minimal stack	2025-08-19T15:25:32.8566938Z #13 5.820 Collecting harfile<1.0,>=0.3.1 (from schemathesis>=3.26.3->-r requirements.txt (line 16))
jwt-smoke	Bring up minimal stack	2025-08-19T15:25:32.8567572Z #13 5.823   Downloading harfile-0.3.1-py3-none-any.whl.metadata (3.9 kB)
jwt-smoke	Bring up minimal stack	2025-08-19T15:25:32.8568236Z #13 5.895 Collecting hypothesis-graphql<1,>=0.11.1 (from schemathesis>=3.26.3->-r requirements.txt (line 16))
jwt-smoke	Bring up minimal stack	2025-08-19T15:25:33.0291990Z #13 5.898   Downloading hypothesis_graphql-0.11.1-py3-none-any.whl.metadata (6.9 kB)
jwt-smoke	Bring up minimal stack	2025-08-19T15:25:33.0292991Z #13 5.914 Collecting hypothesis-jsonschema<0.24,>=0.23.1 (from schemathesis>=3.26.3->-r requirements.txt (line 16))
jwt-smoke	Bring up minimal stack	2025-08-19T15:25:33.0293869Z #13 5.918   Downloading hypothesis_jsonschema-0.23.1-py3-none-any.whl.metadata (4.4 kB)
jwt-smoke	Bring up minimal stack	2025-08-19T15:25:33.1336928Z #13 6.173 Collecting hypothesis<7,>=6.108.0 (from schemathesis>=3.26.3->-r requirements.txt (line 16))
jwt-smoke	Bring up minimal stack	2025-08-19T15:25:33.2561662Z #13 6.175   Downloading hypothesis-6.138.2-py3-none-any.whl.metadata (5.6 kB)
jwt-smoke	Bring up minimal stack	2025-08-19T15:25:33.2562815Z #13 6.206 Collecting jsonschema<5.0,>=4.18.0 (from jsonschema[format]<5.0,>=4.18.0->schemathesis>=3.26.3->-r requirements.txt (line 16))
jwt-smoke	Bring up minimal stack	2025-08-19T15:25:33.2563921Z #13 6.209   Downloading jsonschema-4.25.1-py3-none-any.whl.metadata (7.6 kB)
jwt-smoke	Bring up minimal stack	2025-08-19T15:25:33.2564792Z #13 6.218 Collecting junit-xml<2.0,>=1.9 (from schemathesis>=3.26.3->-r requirements.txt (line 16))
jwt-smoke	Bring up minimal stack	2025-08-19T15:25:33.2565655Z #13 6.222   Downloading junit_xml-1.9-py2.py3-none-any.whl.metadata (3.2 kB)
jwt-smoke	Bring up minimal stack	2025-08-19T15:25:33.2566709Z #13 6.237 Collecting pyrate-limiter<4.0,>=3.0 (from schemathesis>=3.26.3->-r requirements.txt (line 16))
jwt-smoke	Bring up minimal stack	2025-08-19T15:25:33.2567569Z #13 6.240   Downloading pyrate_limiter-3.9.0-py3-none-any.whl.metadata (28 kB)
jwt-smoke	Bring up minimal stack	2025-08-19T15:25:33.2568535Z #13 6.252 Collecting py***-sub***s<0.15.0,>=0.11 (from schemathesis>=3.26.3->-r requirements.txt (line 16))
jwt-smoke	Bring up minimal stack	2025-08-19T15:25:33.2569079Z #13 6.255   Downloading py***_sub***s-0.14.2-py3-none-any.whl.metadata (6.0 kB)
jwt-smoke	Bring up minimal stack	2025-08-19T15:25:33.2569546Z #13 6.295 Collecting pyyaml<7.0,>=5.1 (from schemathesis>=3.26.3->-r requirements.txt (line 16))
jwt-smoke	Bring up minimal stack	2025-08-19T15:25:33.3573356Z #13 6.298   Downloading PyYAML-6.0.2-cp312-cp312-manylinux_2_17_x86_64.manylinux2014_x86_64.whl.metadata (2.1 kB)
jwt-smoke	Bring up minimal stack	2025-08-19T15:25:33.3574494Z #13 6.347 Collecting rich>=13.9.4 (from schemathesis>=3.26.3->-r requirements.txt (line 16))
jwt-smoke	Bring up minimal stack	2025-08-19T15:25:33.3575333Z #13 6.351   Downloading rich-14.1.0-py3-none-any.whl.metadata (18 kB)
jwt-smoke	Bring up minimal stack	2025-08-19T15:25:33.3576893Z #13 6.359 Collecting starlette-***client<1,>=0.4.1 (from schemathesis>=3.26.3->-r requirements.txt (line 16))
jwt-smoke	Bring up minimal stack	2025-08-19T15:25:33.3577980Z #13 6.362   Downloading starlette_***client-0.4.1-py3-none-any.whl.metadata (2.5 kB)
jwt-smoke	Bring up minimal stack	2025-08-19T15:25:33.3578735Z #13 6.372 Collecting tomli>=2.2.1 (from schemathesis>=3.26.3->-r requirements.txt (line 16))
jwt-smoke	Bring up minimal stack	2025-08-19T15:25:33.3579672Z #13 6.375   Downloading tomli-2.2.1-cp312-cp312-manylinux_2_17_x86_64.manylinux2014_x86_64.whl.metadata (11 kB)
jwt-smoke	Bring up minimal stack	2025-08-19T15:25:33.3580305Z #13 6.396 Collecting werkzeug<4,>=0.16.0 (from schemathesis>=3.26.3->-r requirements.txt (line 16))
jwt-smoke	Bring up minimal stack	2025-08-19T15:25:33.5620784Z #13 6.400   Downloading werkzeug-3.1.3-py3-none-any.whl.metadata (3.7 kB)
jwt-smoke	Bring up minimal stack	2025-08-19T15:25:33.5621916Z #13 6.419 Collecting attrs>=22.2.0 (from hypothesis<7,>=6.108.0->schemathesis>=3.26.3->-r requirements.txt (line 16))
jwt-smoke	Bring up minimal stack	2025-08-19T15:25:33.5622554Z #13 6.422   Downloading attrs-25.3.0-py3-none-any.whl.metadata (10 kB)
jwt-smoke	Bring up minimal stack	2025-08-19T15:25:33.5623410Z #13 6.438 Collecting sortedcontainers<3.0.0,>=2.1.0 (from hypothesis<7,>=6.108.0->schemathesis>=3.26.3->-r requirements.txt (line 16))
jwt-smoke	Bring up minimal stack	2025-08-19T15:25:33.5624168Z #13 6.441   Downloading sortedcontainers-2.4.0-py2.py3-none-any.whl.metadata (10 kB)
jwt-smoke	Bring up minimal stack	2025-08-19T15:25:33.5624926Z #13 6.460 Collecting graphql-core<3.3.0,>=3.1.0 (from hypothesis-graphql<1,>=0.11.1->schemathesis>=3.26.3->-r requirements.txt (line 16))
jwt-smoke	Bring up minimal stack	2025-08-19T15:25:33.5625630Z #13 6.464   Downloading graphql_core-3.2.6-py3-none-any.whl.metadata (11 kB)
jwt-smoke	Bring up minimal stack	2025-08-19T15:25:33.5626721Z #13 6.601 Collecting jsonschema-specifications>=2023.03.6 (from jsonschema<5.0,>=4.18.0->jsonschema[format]<5.0,>=4.18.0->schemathesis>=3.26.3->-r requirements.txt (line 16))
jwt-smoke	Bring up minimal stack	2025-08-19T15:25:33.7429010Z #13 6.606   Downloading jsonschema_specifications-2025.4.1-py3-none-any.whl.metadata (2.9 kB)
jwt-smoke	Bring up minimal stack	2025-08-19T15:25:33.7430227Z #13 6.628 Collecting referencing>=0.28.4 (from jsonschema<5.0,>=4.18.0->jsonschema[format]<5.0,>=4.18.0->schemathesis>=3.26.3->-r requirements.txt (line 16))
jwt-smoke	Bring up minimal stack	2025-08-19T15:25:33.7431165Z #13 6.631   Downloading referencing-0.36.2-py3-none-any.whl.metadata (2.8 kB)
jwt-smoke	Bring up minimal stack	2025-08-19T15:25:33.9170646Z #13 6.956 Collecting rpds-py>=0.7.1 (from jsonschema<5.0,>=4.18.0->jsonschema[format]<5.0,>=4.18.0->schemathesis>=3.26.3->-r requirements.txt (line 16))
jwt-smoke	Bring up minimal stack	2025-08-19T15:25:34.0809320Z #13 6.959   Downloading rpds_py-0.27.0-cp312-cp312-manylinux_2_17_x86_64.manylinux2014_x86_64.whl.metadata (4.2 kB)
jwt-smoke	Bring up minimal stack	2025-08-19T15:25:34.0810375Z #13 6.968 Collecting fqdn (from jsonschema[format]<5.0,>=4.18.0->schemathesis>=3.26.3->-r requirements.txt (line 16))
jwt-smoke	Bring up minimal stack	2025-08-19T15:25:34.0811008Z #13 6.970   Downloading fqdn-1.5.1-py3-none-any.whl.metadata (1.4 kB)
jwt-smoke	Bring up minimal stack	2025-08-19T15:25:34.0811688Z #13 6.976 Collecting isoduration (from jsonschema[format]<5.0,>=4.18.0->schemathesis>=3.26.3->-r requirements.txt (line 16))
jwt-smoke	Bring up minimal stack	2025-08-19T15:25:34.0812408Z #13 6.978   Downloading isoduration-20.11.0-py3-none-any.whl.metadata (5.7 kB)
jwt-smoke	Bring up minimal stack	2025-08-19T15:25:34.0813128Z #13 6.986 Collecting jsonpointer>1.13 (from jsonschema[format]<5.0,>=4.18.0->schemathesis>=3.26.3->-r requirements.txt (line 16))
jwt-smoke	Bring up minimal stack	2025-08-19T15:25:34.0813844Z #13 6.989   Downloading jsonpointer-3.0.0-py2.py3-none-any.whl.metadata (2.3 kB)
jwt-smoke	Bring up minimal stack	2025-08-19T15:25:34.0814582Z #13 6.994 Collecting rfc3339-validator (from jsonschema[format]<5.0,>=4.18.0->schemathesis>=3.26.3->-r requirements.txt (line 16))
jwt-smoke	Bring up minimal stack	2025-08-19T15:25:34.0815319Z #13 6.996   Downloading rfc3339_validator-0.1.4-py2.py3-none-any.whl.metadata (1.5 kB)
jwt-smoke	Bring up minimal stack	2025-08-19T15:25:34.0816009Z #13 7.002 Collecting rfc3987 (from jsonschema[format]<5.0,>=4.18.0->schemathesis>=3.26.3->-r requirements.txt (line 16))
jwt-smoke	Bring up minimal stack	2025-08-19T15:25:34.0816919Z #13 7.005   Downloading rfc3987-1.3.8-py2.py3-none-any.whl.metadata (7.5 kB)
jwt-smoke	Bring up minimal stack	2025-08-19T15:25:34.0817612Z #13 7.012 Collecting uri-template (from jsonschema[format]<5.0,>=4.18.0->schemathesis>=3.26.3->-r requirements.txt (line 16))
jwt-smoke	Bring up minimal stack	2025-08-19T15:25:34.0818395Z #13 7.015   Downloading uri_template-1.3.0-py3-none-any.whl.metadata (8.8 kB)
jwt-smoke	Bring up minimal stack	2025-08-19T15:25:34.0819087Z #13 7.025 Collecting webcolors>=1.11 (from jsonschema[format]<5.0,>=4.18.0->schemathesis>=3.26.3->-r requirements.txt (line 16))
jwt-smoke	Bring up minimal stack	2025-08-19T15:25:34.0819763Z #13 7.027   Downloading webcolors-24.11.1-py3-none-any.whl.metadata (2.2 kB)
jwt-smoke	Bring up minimal stack	2025-08-19T15:25:34.0820355Z #13 7.036 Collecting six (from junit-xml<2.0,>=1.9->schemathesis>=3.26.3->-r requirements.txt (line 16))
jwt-smoke	Bring up minimal stack	2025-08-19T15:25:34.0820936Z #13 7.039   Downloading six-1.17.0-py2.py3-none-any.whl.metadata (1.7 kB)
jwt-smoke	Bring up minimal stack	2025-08-19T15:25:34.0821564Z #13 7.120 Collecting MarkupSafe>=2.1.1 (from werkzeug<4,>=0.16.0->schemathesis>=3.26.3->-r requirements.txt (line 16))
jwt-smoke	Bring up minimal stack	2025-08-19T15:25:34.2709960Z #13 7.123   Downloading MarkupSafe-3.0.2-cp312-cp312-manylinux_2_17_x86_64.manylinux2014_x86_64.whl.metadata (4.0 kB)
jwt-smoke	Bring up minimal stack	2025-08-19T15:25:34.2711958Z #13 7.140 Collecting docker (from ***containers>=4.8.1->-r requirements.txt (line 17))
jwt-smoke	Bring up minimal stack	2025-08-19T15:25:34.2712714Z #13 7.143   Downloading docker-7.1.0-py3-none-any.whl.metadata (3.8 kB)
jwt-smoke	Bring up minimal stack	2025-08-19T15:25:34.2713929Z #13 7.157 Collecting python-dotenv (from ***containers>=4.8.1->-r requirements.txt (line 17))
jwt-smoke	Bring up minimal stack	2025-08-19T15:25:34.2714872Z #13 7.160   Downloading python_dotenv-1.1.1-py3-none-any.whl.metadata (24 kB)
jwt-smoke	Bring up minimal stack	2025-08-19T15:25:34.3321727Z #13 7.371 Collecting cryptography>=3.4.0 (from python-jose[cryptography]>=3.3.0->-r requirements.txt (line 3))
jwt-smoke	Bring up minimal stack	2025-08-19T15:25:34.4386206Z #13 7.374   Downloading cryptography-45.0.6-cp311-abi3-manylinux_2_34_x86_64.whl.metadata (5.7 kB)
jwt-smoke	Bring up minimal stack	2025-08-19T15:25:34.4387610Z #13 7.478 Collecting cffi>=1.14 (from cryptography>=3.4.0->python-jose[cryptography]>=3.3.0->-r requirements.txt (line 3))
jwt-smoke	Bring up minimal stack	2025-08-19T15:25:34.5642077Z #13 7.480   Downloading cffi-1.17.1-cp312-cp312-manylinux_2_17_x86_64.manylinux2014_x86_64.whl.metadata (1.5 kB)
jwt-smoke	Bring up minimal stack	2025-08-19T15:25:34.5643442Z #13 7.490 Collecting pycparser (from cffi>=1.14->cryptography>=3.4.0->python-jose[cryptography]>=3.3.0->-r requirements.txt (line 3))
jwt-smoke	Bring up minimal stack	2025-08-19T15:25:34.5644603Z #13 7.492   Downloading pycparser-2.22-py3-none-any.whl.metadata (943 bytes)
jwt-smoke	Bring up minimal stack	2025-08-19T15:25:34.5645540Z #13 7.523 Collecting markdown-it-py>=2.2.0 (from rich>=13.9.4->schemathesis>=3.26.3->-r requirements.txt (line 16))
jwt-smoke	Bring up minimal stack	2025-08-19T15:25:34.5646672Z #13 7.525   Downloading markdown_it_py-4.0.0-py3-none-any.whl.metadata (7.3 kB)
jwt-smoke	Bring up minimal stack	2025-08-19T15:25:34.5647571Z #13 7.549 Collecting mdurl~=0.1 (from markdown-it-py>=2.2.0->rich>=13.9.4->schemathesis>=3.26.3->-r requirements.txt (line 16))
jwt-smoke	Bring up minimal stack	2025-08-19T15:25:34.5648444Z #13 7.552   Downloading mdurl-0.1.2-py3-none-any.whl.metadata (1.6 kB)
jwt-smoke	Bring up minimal stack	2025-08-19T15:25:34.5649089Z #13 7.603 Collecting httptools>=0.6.3 (from uvicorn[standard]>=0.30.0->-r requirements.txt (line 2))
jwt-smoke	Bring up minimal stack	2025-08-19T15:25:34.6815976Z #13 7.606   Downloading httptools-0.6.4-cp312-cp312-manylinux_2_5_x86_64.manylinux1_x86_64.manylinux_2_17_x86_64.manylinux2014_x86_64.whl.metadata (3.6 kB)
jwt-smoke	Bring up minimal stack	2025-08-19T15:25:34.6817666Z #13 7.644 Collecting uvloop>=0.15.1 (from uvicorn[standard]>=0.30.0->-r requirements.txt (line 2))
jwt-smoke	Bring up minimal stack	2025-08-19T15:25:34.6818804Z #13 7.647   Downloading uvloop-0.21.0-cp312-cp312-manylinux_2_17_x86_64.manylinux2014_x86_64.whl.metadata (4.9 kB)
jwt-smoke	Bring up minimal stack	2025-08-19T15:25:34.6819559Z #13 7.721 Collecting watchfiles>=0.13 (from uvicorn[standard]>=0.30.0->-r requirements.txt (line 2))
jwt-smoke	Bring up minimal stack	2025-08-19T15:25:34.8534219Z #13 7.724   Downloading watchfiles-1.1.0-cp312-cp312-manylinux_2_17_x86_64.manylinux2014_x86_64.whl.metadata (4.9 kB)
jwt-smoke	Bring up minimal stack	2025-08-19T15:25:34.8535358Z #13 7.817 Collecting websockets>=10.4 (from uvicorn[standard]>=0.30.0->-r requirements.txt (line 2))
jwt-smoke	Bring up minimal stack	2025-08-19T15:25:34.8536816Z #13 7.820   Downloading websockets-15.0.1-cp312-cp312-manylinux_2_5_x86_64.manylinux1_x86_64.manylinux_2_17_x86_64.manylinux2014_x86_64.whl.metadata (6.8 kB)
jwt-smoke	Bring up minimal stack	2025-08-19T15:25:34.8538246Z #13 7.892 Collecting arrow>=0.15.0 (from isoduration->jsonschema[format]<5.0,>=4.18.0->schemathesis>=3.26.3->-r requirements.txt (line 16))
jwt-smoke	Bring up minimal stack	2025-08-19T15:25:34.9557922Z #13 7.895   Downloading arrow-1.3.0-py3-none-any.whl.metadata (7.5 kB)
jwt-smoke	Bring up minimal stack	2025-08-19T15:25:34.9559254Z #13 7.912 Collecting python-dateutil>=2.7.0 (from arrow>=0.15.0->isoduration->jsonschema[format]<5.0,>=4.18.0->schemathesis>=3.26.3->-r requirements.txt (line 16))
jwt-smoke	Bring up minimal stack	2025-08-19T15:25:34.9560597Z #13 7.914   Downloading python_dateutil-2.9.0.post0-py2.py3-none-any.whl.metadata (8.4 kB)
jwt-smoke	Bring up minimal stack	2025-08-19T15:25:34.9561993Z #13 7.929 Collecting types-python-dateutil>=2.8.10 (from arrow>=0.15.0->isoduration->jsonschema[format]<5.0,>=4.18.0->schemathesis>=3.26.3->-r requirements.txt (line 16))
jwt-smoke	Bring up minimal stack	2025-08-19T15:25:34.9563359Z #13 7.931   Downloading types_python_dateutil-2.9.0.20250809-py3-none-any.whl.metadata (1.8 kB)
jwt-smoke	Bring up minimal stack	2025-08-19T15:25:34.9564080Z #13 7.956 Downloading fastapi-0.116.1-py3-none-any.whl (95 kB)
jwt-smoke	Bring up minimal stack	2025-08-19T15:25:34.9564469Z #13 7.959 Downloading pydantic-2.11.7-py3-none-any.whl (444 kB)
jwt-smoke	Bring up minimal stack	2025-08-19T15:25:34.9565255Z #13 7.969 Downloading pydantic_core-2.33.2-cp312-cp312-manylinux_2_17_x86_64.manylinux2014_x86_64.whl (2.0 MB)
jwt-smoke	Bring up minimal stack	2025-08-19T15:25:34.9566202Z #13 7.982    ΓöüΓöüΓöüΓöüΓöüΓöüΓöüΓöüΓöüΓöüΓöüΓöüΓöüΓöüΓöüΓöüΓöüΓöüΓöüΓöüΓöüΓöüΓöüΓöüΓöüΓöüΓöüΓöüΓöüΓöüΓöüΓöüΓöüΓöüΓöüΓöüΓöüΓöüΓöüΓöü 2.0/2.0 MB 188.5 MB/s  0:00:00
jwt-smoke	Bring up minimal stack	2025-08-19T15:25:34.9567065Z #13 7.985 Downloading starlette-0.47.2-py3-none-any.whl (72 kB)
jwt-smoke	Bring up minimal stack	2025-08-19T15:25:34.9567437Z #13 7.988 Downloading anyio-4.10.0-py3-none-any.whl (107 kB)
jwt-smoke	Bring up minimal stack	2025-08-19T15:25:34.9567786Z #13 7.990 Downloading uvicorn-0.35.0-py3-none-any.whl (66 kB)
jwt-smoke	Bring up minimal stack	2025-08-19T15:25:34.9568162Z #13 7.993 Downloading python_jose-3.5.0-py2.py3-none-any.whl (34 kB)
jwt-smoke	Bring up minimal stack	2025-08-19T15:25:34.9568518Z #13 7.995 Downloading rsa-4.9.1-py3-none-any.whl (34 kB)
jwt-smoke	Bring up minimal stack	2025-08-19T15:25:35.0569302Z #13 7.998 Downloading httpx-0.28.1-py3-none-any.whl (73 kB)
jwt-smoke	Bring up minimal stack	2025-08-19T15:25:35.0570103Z #13 8.004 Downloading httpcore-1.0.9-py3-none-any.whl (78 kB)
jwt-smoke	Bring up minimal stack	2025-08-19T15:25:35.0571072Z #13 8.007 Downloading py***-8.4.1-py3-none-any.whl (365 kB)
jwt-smoke	Bring up minimal stack	2025-08-19T15:25:35.0571763Z #13 8.012 Downloading pluggy-1.6.0-py3-none-any.whl (20 kB)
jwt-smoke	Bring up minimal stack	2025-08-19T15:25:35.0572450Z #13 8.015 Downloading py***_asyncio-1.1.0-py3-none-any.whl (15 kB)
jwt-smoke	Bring up minimal stack	2025-08-19T15:25:35.0573181Z #13 8.017 Downloading opentelemetry_api-1.36.0-py3-none-any.whl (65 kB)
jwt-smoke	Bring up minimal stack	2025-08-19T15:25:35.0573889Z #13 8.021 Downloading importlib_metadata-8.7.0-py3-none-any.whl (27 kB)
jwt-smoke	Bring up minimal stack	2025-08-19T15:25:35.0574519Z #13 8.023 Downloading opentelemetry_sdk-1.36.0-py3-none-any.whl (119 kB)
jwt-smoke	Bring up minimal stack	2025-08-19T15:25:35.0575101Z #13 8.026 Downloading opentelemetry_semantic_conventions-0.57b0-py3-none-any.whl (201 kB)
jwt-smoke	Bring up minimal stack	2025-08-19T15:25:35.0575769Z #13 8.029 Downloading opentelemetry_instrumentation_fastapi-0.57b0-py3-none-any.whl (12 kB)
jwt-smoke	Bring up minimal stack	2025-08-19T15:25:35.0576642Z #13 8.031 Downloading opentelemetry_instrumentation-0.57b0-py3-none-any.whl (32 kB)
jwt-smoke	Bring up minimal stack	2025-08-19T15:25:35.0577297Z #13 8.034 Downloading opentelemetry_instrumentation_asgi-0.57b0-py3-none-any.whl (16 kB)
jwt-smoke	Bring up minimal stack	2025-08-19T15:25:35.0577933Z #13 8.036 Downloading opentelemetry_util_http-0.57b0-py3-none-any.whl (7.6 kB)
jwt-smoke	Bring up minimal stack	2025-08-19T15:25:35.0578440Z #13 8.038 Downloading asgiref-3.9.1-py3-none-any.whl (23 kB)
jwt-smoke	Bring up minimal stack	2025-08-19T15:25:35.0579054Z #13 8.041 Downloading wrapt-1.17.3-cp312-cp312-manylinux1_x86_64.manylinux_2_28_x86_64.manylinux_2_5_x86_64.whl (88 kB)
jwt-smoke	Bring up minimal stack	2025-08-19T15:25:35.0579769Z #13 8.043 Downloading opentelemetry_exporter_otlp-1.36.0-py3-none-any.whl (7.0 kB)
jwt-smoke	Bring up minimal stack	2025-08-19T15:25:35.0580397Z #13 8.045 Downloading opentelemetry_exporter_otlp_proto_grpc-1.36.0-py3-none-any.whl (18 kB)
jwt-smoke	Bring up minimal stack	2025-08-19T15:25:35.0581064Z #13 8.048 Downloading opentelemetry_exporter_otlp_proto_common-1.36.0-py3-none-any.whl (18 kB)
jwt-smoke	Bring up minimal stack	2025-08-19T15:25:35.0581732Z #13 8.050 Downloading opentelemetry_exporter_otlp_proto_http-1.36.0-py3-none-any.whl (18 kB)
jwt-smoke	Bring up minimal stack	2025-08-19T15:25:35.0582321Z #13 8.052 Downloading opentelemetry_proto-1.36.0-py3-none-any.whl (72 kB)
jwt-smoke	Bring up minimal stack	2025-08-19T15:25:35.0582786Z #13 8.056 Downloading googleapis_common_protos-1.70.0-py3-none-any.whl (294 kB)
jwt-smoke	Bring up minimal stack	2025-08-19T15:25:35.0583336Z #13 8.059 Downloading grpcio-1.74.0-cp312-cp312-manylinux_2_17_x86_64.manylinux2014_x86_64.whl (6.2 MB)
jwt-smoke	Bring up minimal stack	2025-08-19T15:25:35.0584096Z #13 8.079    ΓöüΓöüΓöüΓöüΓöüΓöüΓöüΓöüΓöüΓöüΓöüΓöüΓöüΓöüΓöüΓöüΓöüΓöüΓöüΓöüΓöüΓöüΓöüΓöüΓöüΓöüΓöüΓöüΓöüΓöüΓöüΓöüΓöüΓöüΓöüΓöüΓöüΓöüΓöüΓöü 6.2/6.2 MB 333.2 MB/s  0:00:00
jwt-smoke	Bring up minimal stack	2025-08-19T15:25:35.0584516Z #13 8.082 Downloading protobuf-6.32.0-cp39-abi3-manylinux2014_x86_64.whl (322 kB)
jwt-smoke	Bring up minimal stack	2025-08-19T15:25:35.0584939Z #13 8.085 Downloading requests-2.32.5-py3-none-any.whl (64 kB)
jwt-smoke	Bring up minimal stack	2025-08-19T15:25:35.0585505Z #13 8.088 Downloading charset_normalizer-3.4.3-cp312-cp312-manylinux2014_x86_64.manylinux_2_17_x86_64.manylinux_2_28_x86_64.whl (151 kB)
jwt-smoke	Bring up minimal stack	2025-08-19T15:25:35.0586072Z #13 8.090 Downloading idna-3.10-py3-none-any.whl (70 kB)
jwt-smoke	Bring up minimal stack	2025-08-19T15:25:35.0586558Z #13 8.093 Downloading urllib3-2.5.0-py3-none-any.whl (129 kB)
jwt-smoke	Bring up minimal stack	2025-08-19T15:25:35.0586932Z #13 8.096 Downloading schemathesis-4.1.0-py3-none-any.whl (312 kB)
jwt-smoke	Bring up minimal stack	2025-08-19T15:25:35.2399914Z #13 8.099 Downloading backoff-2.2.1-py3-none-any.whl (15 kB)
jwt-smoke	Bring up minimal stack	2025-08-19T15:25:35.2400737Z #13 8.102 Downloading click-8.2.1-py3-none-any.whl (102 kB)
jwt-smoke	Bring up minimal stack	2025-08-19T15:25:35.2401867Z #13 8.104 Downloading colorama-0.4.6-py2.py3-none-any.whl (25 kB)
jwt-smoke	Bring up minimal stack	2025-08-19T15:25:35.2402609Z #13 8.108 Downloading harfile-0.3.1-py3-none-any.whl (6.9 kB)
jwt-smoke	Bring up minimal stack	2025-08-19T15:25:35.2403350Z #13 8.110 Downloading hypothesis-6.138.2-py3-none-any.whl (530 kB)
jwt-smoke	Bring up minimal stack	2025-08-19T15:25:35.2404548Z #13 8.115    ΓöüΓöüΓöüΓöüΓöüΓöüΓöüΓöüΓöüΓöüΓöüΓöüΓöüΓöüΓöüΓöüΓöüΓöüΓöüΓöüΓöüΓöüΓöüΓöüΓöüΓöüΓöüΓöüΓöüΓöüΓöüΓöüΓöüΓöüΓöüΓöüΓöüΓöüΓöüΓöü 530.0/530.0 kB 437.2 MB/s  0:00:00
jwt-smoke	Bring up minimal stack	2025-08-19T15:25:35.2405080Z #13 8.118 Downloading hypothesis_graphql-0.11.1-py3-none-any.whl (16 kB)
jwt-smoke	Bring up minimal stack	2025-08-19T15:25:35.2405609Z #13 8.121 Downloading graphql_core-3.2.6-py3-none-any.whl (203 kB)
jwt-smoke	Bring up minimal stack	2025-08-19T15:25:35.2406145Z #13 8.125 Downloading hypothesis_jsonschema-0.23.1-py3-none-any.whl (29 kB)
jwt-smoke	Bring up minimal stack	2025-08-19T15:25:35.2406848Z #13 8.127 Downloading jsonschema-4.25.1-py3-none-any.whl (90 kB)
jwt-smoke	Bring up minimal stack	2025-08-19T15:25:35.2407255Z #13 8.130 Downloading junit_xml-1.9-py2.py3-none-any.whl (7.1 kB)
jwt-smoke	Bring up minimal stack	2025-08-19T15:25:35.2407665Z #13 8.133 Downloading pyrate_limiter-3.9.0-py3-none-any.whl (33 kB)
jwt-smoke	Bring up minimal stack	2025-08-19T15:25:35.2408238Z #13 8.136 Downloading py***_sub***s-0.14.2-py3-none-any.whl (9.1 kB)
jwt-smoke	Bring up minimal stack	2025-08-19T15:25:35.2408746Z #13 8.139 Downloading PyYAML-6.0.2-cp312-cp312-manylinux_2_17_x86_64.manylinux2014_x86_64.whl (767 kB)
jwt-smoke	Bring up minimal stack	2025-08-19T15:25:35.2409315Z #13 8.142    ΓöüΓöüΓöüΓöüΓöüΓöüΓöüΓöüΓöüΓöüΓöüΓöüΓöüΓöüΓöüΓöüΓöüΓöüΓöüΓöüΓöüΓöüΓöüΓöüΓöüΓöüΓöüΓöüΓöüΓöüΓöüΓöüΓöüΓöüΓöüΓöüΓöüΓöüΓöüΓöü 767.5/767.5 kB 451.3 MB/s  0:00:00
jwt-smoke	Bring up minimal stack	2025-08-19T15:25:35.2409733Z #13 8.145 Downloading sortedcontainers-2.4.0-py2.py3-none-any.whl (29 kB)
jwt-smoke	Bring up minimal stack	2025-08-19T15:25:35.2410185Z #13 8.148 Downloading starlette_***client-0.4.1-py3-none-any.whl (8.1 kB)
jwt-smoke	Bring up minimal stack	2025-08-19T15:25:35.2410588Z #13 8.151 Downloading werkzeug-3.1.3-py3-none-any.whl (224 kB)
jwt-smoke	Bring up minimal stack	2025-08-19T15:25:35.2411188Z #13 8.154 Downloading ***containers-4.12.0-py3-none-any.whl (111 kB)
jwt-smoke	Bring up minimal stack	2025-08-19T15:25:35.2411587Z #13 8.157 Downloading annotated_types-0.7.0-py3-none-any.whl (13 kB)
jwt-smoke	Bring up minimal stack	2025-08-19T15:25:35.2411981Z #13 8.159 Downloading attrs-25.3.0-py3-none-any.whl (63 kB)
jwt-smoke	Bring up minimal stack	2025-08-19T15:25:35.2412338Z #13 8.162 Downloading certifi-2025.8.3-py3-none-any.whl (161 kB)
jwt-smoke	Bring up minimal stack	2025-08-19T15:25:35.2412699Z #13 8.164 Downloading ecdsa-0.19.1-py2.py3-none-any.whl (150 kB)
jwt-smoke	Bring up minimal stack	2025-08-19T15:25:35.2413052Z #13 8.167 Downloading h11-0.16.0-py3-none-any.whl (37 kB)
jwt-smoke	Bring up minimal stack	2025-08-19T15:25:35.2413408Z #13 8.169 Downloading iniconfig-2.1.0-py3-none-any.whl (6.0 kB)
jwt-smoke	Bring up minimal stack	2025-08-19T15:25:35.2413805Z #13 8.172 Downloading jsonpointer-3.0.0-py2.py3-none-any.whl (7.6 kB)
jwt-smoke	Bring up minimal stack	2025-08-19T15:25:35.2414263Z #13 8.174 Downloading jsonschema_specifications-2025.4.1-py3-none-any.whl (18 kB)
jwt-smoke	Bring up minimal stack	2025-08-19T15:25:35.2414823Z #13 8.176 Downloading MarkupSafe-3.0.2-cp312-cp312-manylinux_2_17_x86_64.manylinux2014_x86_64.whl (23 kB)
jwt-smoke	Bring up minimal stack	2025-08-19T15:25:35.2415323Z #13 8.179 Downloading packaging-25.0-py3-none-any.whl (66 kB)
jwt-smoke	Bring up minimal stack	2025-08-19T15:25:35.2415678Z #13 8.181 Downloading pyasn1-0.6.1-py3-none-any.whl (83 kB)
jwt-smoke	Bring up minimal stack	2025-08-19T15:25:35.2416028Z #13 8.184 Downloading pygments-2.19.2-py3-none-any.whl (1.2 MB)
jwt-smoke	Bring up minimal stack	2025-08-19T15:25:35.2416694Z #13 8.189    ΓöüΓöüΓöüΓöüΓöüΓöüΓöüΓöüΓöüΓöüΓöüΓöüΓöüΓöüΓöüΓöüΓöüΓöüΓöüΓöüΓöüΓöüΓöüΓöüΓöüΓöüΓöüΓöüΓöüΓöüΓöüΓöüΓöüΓöüΓöüΓöüΓöüΓöüΓöüΓöü 1.2/1.2 MB 424.4 MB/s  0:00:00
jwt-smoke	Bring up minimal stack	2025-08-19T15:25:35.2417124Z #13 8.191 Downloading cryptography-45.0.6-cp311-abi3-manylinux_2_34_x86_64.whl (4.5 MB)
jwt-smoke	Bring up minimal stack	2025-08-19T15:25:35.4842583Z #13 8.279    ΓöüΓöüΓöüΓöüΓöüΓöüΓöüΓöüΓöüΓöüΓöüΓöüΓöüΓöüΓöüΓöüΓöüΓöüΓöüΓöüΓöüΓöüΓöüΓöüΓöüΓöüΓöüΓöüΓöüΓöüΓöüΓöüΓöüΓöüΓöüΓöüΓöüΓöüΓöüΓöü 4.5/4.5 MB 49.2 MB/s  0:00:00
jwt-smoke	Bring up minimal stack	2025-08-19T15:25:35.4843493Z #13 8.282 Downloading cffi-1.17.1-cp312-cp312-manylinux_2_17_x86_64.manylinux2014_x86_64.whl (479 kB)
jwt-smoke	Bring up minimal stack	2025-08-19T15:25:35.4844812Z #13 8.291 Downloading referencing-0.36.2-py3-none-any.whl (26 kB)
jwt-smoke	Bring up minimal stack	2025-08-19T15:25:35.4845489Z #13 8.293 Downloading rich-14.1.0-py3-none-any.whl (243 kB)
jwt-smoke	Bring up minimal stack	2025-08-19T15:25:35.4846153Z #13 8.296 Downloading markdown_it_py-4.0.0-py3-none-any.whl (87 kB)
jwt-smoke	Bring up minimal stack	2025-08-19T15:25:35.4847047Z #13 8.298 Downloading mdurl-0.1.2-py3-none-any.whl (10.0 kB)
jwt-smoke	Bring up minimal stack	2025-08-19T15:25:35.4847890Z #13 8.301 Downloading rpds_py-0.27.0-cp312-cp312-manylinux_2_17_x86_64.manylinux2014_x86_64.whl (386 kB)
jwt-smoke	Bring up minimal stack	2025-08-19T15:25:35.4848714Z #13 8.304 Downloading six-1.17.0-py2.py3-none-any.whl (11 kB)
jwt-smoke	Bring up minimal stack	2025-08-19T15:25:35.4849126Z #13 8.307 Downloading sniffio-1.3.1-py3-none-any.whl (10 kB)
jwt-smoke	Bring up minimal stack	2025-08-19T15:25:35.4849660Z #13 8.309 Downloading tomli-2.2.1-cp312-cp312-manylinux_2_17_x86_64.manylinux2014_x86_64.whl (242 kB)
jwt-smoke	Bring up minimal stack	2025-08-19T15:25:35.4850698Z #13 8.312 Downloading typing_extensions-4.14.1-py3-none-any.whl (43 kB)
jwt-smoke	Bring up minimal stack	2025-08-19T15:25:35.4851191Z #13 8.314 Downloading typing_inspection-0.4.1-py3-none-any.whl (14 kB)
jwt-smoke	Bring up minimal stack	2025-08-19T15:25:35.4851985Z #13 8.317 Downloading httptools-0.6.4-cp312-cp312-manylinux_2_5_x86_64.manylinux1_x86_64.manylinux_2_17_x86_64.manylinux2014_x86_64.whl (510 kB)
jwt-smoke	Bring up minimal stack	2025-08-19T15:25:35.4852592Z #13 8.320 Downloading python_dotenv-1.1.1-py3-none-any.whl (20 kB)
jwt-smoke	Bring up minimal stack	2025-08-19T15:25:35.4853064Z #13 8.323 Downloading uvloop-0.21.0-cp312-cp312-manylinux_2_17_x86_64.manylinux2014_x86_64.whl (4.7 MB)
jwt-smoke	Bring up minimal stack	2025-08-19T15:25:35.4853659Z #13 8.336    ΓöüΓöüΓöüΓöüΓöüΓöüΓöüΓöüΓöüΓöüΓöüΓöüΓöüΓöüΓöüΓöüΓöüΓöüΓöüΓöüΓöüΓöüΓöüΓöüΓöüΓöüΓöüΓöüΓöüΓöüΓöüΓöüΓöüΓöüΓöüΓöüΓöüΓöüΓöüΓöü 4.7/4.7 MB 411.7 MB/s  0:00:00
jwt-smoke	Bring up minimal stack	2025-08-19T15:25:35.4854146Z #13 8.338 Downloading watchfiles-1.1.0-cp312-cp312-manylinux_2_17_x86_64.manylinux2014_x86_64.whl (452 kB)
jwt-smoke	Bring up minimal stack	2025-08-19T15:25:35.4854651Z #13 8.343 Downloading webcolors-24.11.1-py3-none-any.whl (14 kB)
jwt-smoke	Bring up minimal stack	2025-08-19T15:25:35.4855276Z #13 8.345 Downloading websockets-15.0.1-cp312-cp312-manylinux_2_5_x86_64.manylinux1_x86_64.manylinux_2_17_x86_64.manylinux2014_x86_64.whl (182 kB)
jwt-smoke	Bring up minimal stack	2025-08-19T15:25:35.4855864Z #13 8.348 Downloading zipp-3.23.0-py3-none-any.whl (10 kB)
jwt-smoke	Bring up minimal stack	2025-08-19T15:25:35.4856198Z #13 8.350 Downloading docker-7.1.0-py3-none-any.whl (147 kB)
jwt-smoke	Bring up minimal stack	2025-08-19T15:25:35.4856801Z #13 8.353 Downloading fqdn-1.5.1-py3-none-any.whl (9.1 kB)
jwt-smoke	Bring up minimal stack	2025-08-19T15:25:35.4857171Z #13 8.355 Downloading isoduration-20.11.0-py3-none-any.whl (11 kB)
jwt-smoke	Bring up minimal stack	2025-08-19T15:25:35.4857525Z #13 8.357 Downloading arrow-1.3.0-py3-none-any.whl (66 kB)
jwt-smoke	Bring up minimal stack	2025-08-19T15:25:35.4857924Z #13 8.361 Downloading python_dateutil-2.9.0.post0-py2.py3-none-any.whl (229 kB)
jwt-smoke	Bring up minimal stack	2025-08-19T15:25:35.4858407Z #13 8.363 Downloading types_python_dateutil-2.9.0.20250809-py3-none-any.whl (17 kB)
jwt-smoke	Bring up minimal stack	2025-08-19T15:25:35.4858839Z #13 8.366 Downloading pycparser-2.22-py3-none-any.whl (117 kB)
jwt-smoke	Bring up minimal stack	2025-08-19T15:25:35.4859241Z #13 8.368 Downloading rfc3339_validator-0.1.4-py2.py3-none-any.whl (3.5 kB)
jwt-smoke	Bring up minimal stack	2025-08-19T15:25:35.4859646Z #13 8.370 Downloading rfc3987-1.3.8-py2.py3-none-any.whl (13 kB)
jwt-smoke	Bring up minimal stack	2025-08-19T15:25:35.4860010Z #13 8.373 Downloading uri_template-1.3.0-py3-none-any.whl (11 kB)
jwt-smoke	Bring up minimal stack	2025-08-19T15:25:35.5600352Z #13 8.598 Installing collected packages: sortedcontainers, rfc3987, zipp, wrapt, websockets, webcolors, uvloop, urllib3, uri-template, typing-extensions, types-python-dateutil, tomli, sniffio, six, rpds-py, pyyaml, python-dotenv, pyrate-limiter, pygments, pycparser, pyasn1, protobuf, pluggy, packaging, opentelemetry-util-http, mdurl, MarkupSafe, jsonpointer, iniconfig, idna, httptools, harfile, h11, grpcio, graphql-core, fqdn, colorama, click, charset_normalizer, certifi, backoff, attrs, asgiref, annotated-types, werkzeug, uvicorn, typing-inspection, rsa, rfc3339-validator, requests, referencing, python-dateutil, py***, pydantic-core, opentelemetry-proto, markdown-it-py, junit-xml, importlib-metadata, hypothesis, httpcore, googleapis-common-protos, ecdsa, cffi, anyio, watchfiles, starlette, rich, python-jose, py***-sub***s, py***-asyncio, pydantic, opentelemetry-exporter-otlp-proto-common, opentelemetry-api, jsonschema-specifications, hypothesis-graphql, httpx, docker, cryptography, arrow, ***containers, starlette-***client, opentelemetry-semantic-conventions, jsonschema, isoduration, fastapi, opentelemetry-sdk, opentelemetry-instrumentation, hypothesis-jsonschema, schemathesis, opentelemetry-instrumentation-asgi, opentelemetry-exporter-otlp-proto-http, opentelemetry-exporter-otlp-proto-grpc, opentelemetry-instrumentation-fastapi, opentelemetry-exporter-otlp
jwt-smoke	Bring up minimal stack	2025-08-19T15:25:40.7398184Z #13 13.78 
jwt-smoke	Bring up minimal stack	2025-08-19T15:25:40.8999646Z #13 13.79 Successfully installed MarkupSafe-3.0.2 annotated-types-0.7.0 anyio-4.10.0 arrow-1.3.0 asgiref-3.9.1 attrs-25.3.0 backoff-2.2.1 certifi-2025.8.3 cffi-1.17.1 charset_normalizer-3.4.3 click-8.2.1 colorama-0.4.6 cryptography-45.0.6 docker-7.1.0 ecdsa-0.19.1 fastapi-0.116.1 fqdn-1.5.1 googleapis-common-protos-1.70.0 graphql-core-3.2.6 grpcio-1.74.0 h11-0.16.0 harfile-0.3.1 httpcore-1.0.9 httptools-0.6.4 httpx-0.28.1 hypothesis-6.138.2 hypothesis-graphql-0.11.1 hypothesis-jsonschema-0.23.1 idna-3.10 importlib-metadata-8.7.0 iniconfig-2.1.0 isoduration-20.11.0 jsonpointer-3.0.0 jsonschema-4.25.1 jsonschema-specifications-2025.4.1 junit-xml-1.9 markdown-it-py-4.0.0 mdurl-0.1.2 opentelemetry-api-1.36.0 opentelemetry-exporter-otlp-1.36.0 opentelemetry-exporter-otlp-proto-common-1.36.0 opentelemetry-exporter-otlp-proto-grpc-1.36.0 opentelemetry-exporter-otlp-proto-http-1.36.0 opentelemetry-instrumentation-0.57b0 opentelemetry-instrumentation-asgi-0.57b0 opentelemetry-instrumentation-fastapi-0.57b0 opentelemetry-proto-1.36.0 opentelemetry-sdk-1.36.0 opentelemetry-semantic-conventions-0.57b0 opentelemetry-util-http-0.57b0 packaging-25.0 pluggy-1.6.0 protobuf-6.32.0 pyasn1-0.6.1 pycparser-2.22 pydantic-2.11.7 pydantic-core-2.33.2 pygments-2.19.2 pyrate-limiter-3.9.0 py***-8.4.1 py***-asyncio-1.1.0 py***-sub***s-0.14.2 python-dateutil-2.9.0.post0 python-dotenv-1.1.1 python-jose-3.5.0 pyyaml-6.0.2 referencing-0.36.2 requests-2.32.5 rfc3339-validator-0.1.4 rfc3987-1.3.8 rich-14.1.0 rpds-py-0.27.0 rsa-4.9.1 schemathesis-4.1.0 six-1.17.0 sniffio-1.3.1 sortedcontainers-2.4.0 starlette-0.47.2 starlette-***client-0.4.1 ***containers-4.12.0 tomli-2.2.1 types-python-dateutil-2.9.0.20250809 typing-extensions-4.14.1 typing-inspection-0.4.1 uri-template-1.3.0 urllib3-2.5.0 uvicorn-0.35.0 uvloop-0.21.0 watchfiles-1.1.0 webcolors-24.11.1 websockets-15.0.1 werkzeug-3.1.3 wrapt-1.17.3 zipp-3.23.0
jwt-smoke	Bring up minimal stack	2025-08-19T15:25:40.9011035Z #13 13.79 WARNING: Running pip as the 'root' user can result in broken permissions and conflicting behaviour with the system package manager, possibly rendering your system unusable. It is recommended to use a virtual environment instead: https://pip.pypa.io/warnings/venv. Use the --root-user-action option if you know what you are doing and want to suppress this warning.
jwt-smoke	Bring up minimal stack	2025-08-19T15:25:41.4694407Z #13 DONE 14.5s
jwt-smoke	Bring up minimal stack	2025-08-19T15:25:41.6316222Z 
jwt-smoke	Bring up minimal stack	2025-08-19T15:25:41.6316969Z #14 [5/5] COPY app /app/app
jwt-smoke	Bring up minimal stack	2025-08-19T15:25:41.6317518Z #14 DONE 0.0s
jwt-smoke	Bring up minimal stack	2025-08-19T15:25:41.6317797Z 
jwt-smoke	Bring up minimal stack	2025-08-19T15:25:41.6318181Z #15 exporting to image
jwt-smoke	Bring up minimal stack	2025-08-19T15:25:41.6318619Z #15 exporting layers
jwt-smoke	Bring up minimal stack	2025-08-19T15:25:42.7959430Z #15 exporting layers 1.3s done
jwt-smoke	Bring up minimal stack	2025-08-19T15:25:42.8221057Z #15 writing image sha256:e3468c9b8b4afca882edc2fa446b6462c27f4250b9064f55f6e306a1f84bca38 done
jwt-smoke	Bring up minimal stack	2025-08-19T15:25:42.8221952Z #15 naming to docker.io/library/ci-smoke-auth-service done
jwt-smoke	Bring up minimal stack	2025-08-19T15:25:42.8222465Z  auth-service  Built
jwt-smoke	Bring up minimal stack	2025-08-19T15:25:42.8222771Z #15 DONE 1.3s
jwt-smoke	Bring up minimal stack	2025-08-19T15:25:42.8222943Z 
jwt-smoke	Bring up minimal stack	2025-08-19T15:25:42.8223105Z #16 resolving provenance for metadata file
jwt-smoke	Bring up minimal stack	2025-08-19T15:25:42.8223513Z #16 DONE 0.0s
jwt-smoke	Bring up minimal stack	2025-08-19T15:25:42.8233343Z  Network ci-smoke_default  Creating
jwt-smoke	Bring up minimal stack	2025-08-19T15:25:42.8584491Z  Network ci-smoke_default  Created
jwt-smoke	Bring up minimal stack	2025-08-19T15:25:42.8590141Z  Container ci-smoke-redis-1  Creating
jwt-smoke	Bring up minimal stack	2025-08-19T15:25:42.8591102Z  Container ci-smoke-postgres-1  Creating
jwt-smoke	Bring up minimal stack	2025-08-19T15:25:42.8842895Z  Container ci-smoke-postgres-1  Created
jwt-smoke	Bring up minimal stack	2025-08-19T15:25:42.8843489Z  Container ci-smoke-redis-1  Created
jwt-smoke	Bring up minimal stack	2025-08-19T15:25:42.8843976Z  Container ci-smoke-auth-service-1  Creating
jwt-smoke	Bring up minimal stack	2025-08-19T15:25:42.8945143Z  Container ci-smoke-auth-service-1  Created
jwt-smoke	Bring up minimal stack	2025-08-19T15:25:42.8956921Z  Container ci-smoke-redis-1  Starting
jwt-smoke	Bring up minimal stack	2025-08-19T15:25:42.8957942Z  Container ci-smoke-postgres-1  Starting
jwt-smoke	Bring up minimal stack	2025-08-19T15:25:43.2747870Z  Container ci-smoke-redis-1  Started
jwt-smoke	Bring up minimal stack	2025-08-19T15:25:43.2822263Z  Container ci-smoke-postgres-1  Started
jwt-smoke	Bring up minimal stack	2025-08-19T15:25:43.2822978Z  Container ci-smoke-redis-1  Waiting
jwt-smoke	Bring up minimal stack	2025-08-19T15:25:43.2823382Z  Container ci-smoke-postgres-1  Waiting
jwt-smoke	Bring up minimal stack	2025-08-19T15:25:48.7843481Z  Container ci-smoke-postgres-1  Healthy
jwt-smoke	Bring up minimal stack	2025-08-19T15:25:48.7844106Z  Container ci-smoke-redis-1  Healthy
jwt-smoke	Bring up minimal stack	2025-08-19T15:25:48.7844768Z  Container ci-smoke-auth-service-1  Starting
jwt-smoke	Bring up minimal stack	2025-08-19T15:25:48.9085733Z  Container ci-smoke-auth-service-1  Started
jwt-smoke	Bring up minimal stack	2025-08-19T15:25:49.0392577Z NAME                      IMAGE                   COMMAND                  SERVICE        CREATED         STATUS                                     PORTS
jwt-smoke	Bring up minimal stack	2025-08-19T15:25:49.0405452Z ci-smoke-auth-service-1   ci-smoke-auth-service   "uvicorn app.main:apΓÇª"   auth-service   7 seconds ago   Up Less than a second (health: starting)   0.0.0.0:8001->8001/tcp, [::]:8001->8001/tcp
jwt-smoke	Bring up minimal stack	2025-08-19T15:25:49.0407454Z ci-smoke-postgres-1       postgres:16             "docker-entrypoint.sΓÇª"   postgres       7 seconds ago   Up 6 seconds (healthy)                     0.0.0.0:5432->5432/tcp, [::]:5432->5432/tcp
jwt-smoke	Bring up minimal stack	2025-08-19T15:25:49.0408596Z ci-smoke-redis-1          redis:7                 "docker-entrypoint.sΓÇª"   redis          7 seconds ago   Up 6 seconds (healthy)                     0.0.0.0:6379->6379/tcp, [::]:6379->6379/tcp
jwt-smoke	Wait for service health endpoints (auth-service)	∩╗┐2025-08-19T15:25:49.0482043Z ##[group]Run set -e
jwt-smoke	Wait for service health endpoints (auth-service)	2025-08-19T15:25:49.0482304Z [36;1mset -e[0m
jwt-smoke	Wait for service health endpoints (auth-service)	2025-08-19T15:25:49.0482558Z [36;1mfor url in http://localhost:8001/healthz; do[0m
jwt-smoke	Wait for service health endpoints (auth-service)	2025-08-19T15:25:49.0482859Z [36;1m  echo "Waiting for $url ..."[0m
jwt-smoke	Wait for service health endpoints (auth-service)	2025-08-19T15:25:49.0483097Z [36;1m  for i in $(seq 1 60); do[0m
jwt-smoke	Wait for service health endpoints (auth-service)	2025-08-19T15:25:49.0483356Z [36;1m    if curl -fsS "$url" >/dev/null 2>&1; then[0m
jwt-smoke	Wait for service health endpoints (auth-service)	2025-08-19T15:25:49.0483619Z [36;1m      echo "$url is up"[0m
jwt-smoke	Wait for service health endpoints (auth-service)	2025-08-19T15:25:49.0483852Z [36;1m      break[0m
jwt-smoke	Wait for service health endpoints (auth-service)	2025-08-19T15:25:49.0484034Z [36;1m    fi[0m
jwt-smoke	Wait for service health endpoints (auth-service)	2025-08-19T15:25:49.0484203Z [36;1m    sleep 2[0m
jwt-smoke	Wait for service health endpoints (auth-service)	2025-08-19T15:25:49.0484397Z [36;1m  done[0m
jwt-smoke	Wait for service health endpoints (auth-service)	2025-08-19T15:25:49.0484556Z [36;1mdone[0m
jwt-smoke	Wait for service health endpoints (auth-service)	2025-08-19T15:25:49.0527676Z shell: /usr/bin/bash -e {0}
jwt-smoke	Wait for service health endpoints (auth-service)	2025-08-19T15:25:49.0527914Z env:
jwt-smoke	Wait for service health endpoints (auth-service)	2025-08-19T15:25:49.0528084Z   DOCKER_BUILDKIT: 1
jwt-smoke	Wait for service health endpoints (auth-service)	2025-08-19T15:25:49.0528272Z ##[endgroup]
jwt-smoke	Wait for service health endpoints (auth-service)	2025-08-19T15:25:49.0593812Z Waiting for http://localhost:8001/healthz ...
jwt-smoke	Wait for service health endpoints (auth-service)	2025-08-19T15:25:51.0917029Z http://localhost:8001/healthz is up
jwt-smoke	Probe /healthz endpoints	∩╗┐2025-08-19T15:25:51.0945808Z ##[group]Run curl -fsS http://localhost:8001/healthz
jwt-smoke	Probe /healthz endpoints	2025-08-19T15:25:51.0946212Z [36;1mcurl -fsS http://localhost:8001/healthz[0m
jwt-smoke	Probe /healthz endpoints	2025-08-19T15:25:51.0987331Z shell: /usr/bin/bash -e {0}
jwt-smoke	Probe /healthz endpoints	2025-08-19T15:25:51.0987556Z env:
jwt-smoke	Probe /healthz endpoints	2025-08-19T15:25:51.0987725Z   DOCKER_BUILDKIT: 1
jwt-smoke	Probe /healthz endpoints	2025-08-19T15:25:51.0987910Z ##[endgroup]
jwt-smoke	Probe /healthz endpoints	2025-08-19T15:25:51.1117588Z {"status":"ok"}
jwt-smoke	Smoke *** authorize stub (no real OIDC in CI)	∩╗┐2025-08-19T15:25:51.1144147Z ##[group]Run curl -fsS -X POST http://localhost:8001/api/auth/authorize \
jwt-smoke	Smoke *** authorize stub (no real OIDC in CI)	2025-08-19T15:25:51.1144662Z [36;1mcurl -fsS -X POST http://localhost:8001/api/auth/authorize \[0m
jwt-smoke	Smoke *** authorize stub (no real OIDC in CI)	2025-08-19T15:25:51.1145031Z [36;1m  -H "Content-Type: application/json" \[0m
jwt-smoke	Smoke *** authorize stub (no real OIDC in CI)	2025-08-19T15:25:51.1145401Z [36;1m  -d "{\"token\":\"${TOKEN:-stub}\",\"action\":\"read\",\"resource\":\"device:123\"}"[0m
jwt-smoke	Smoke *** authorize stub (no real OIDC in CI)	2025-08-19T15:25:51.1185787Z shell: /usr/bin/bash -e {0}
jwt-smoke	Smoke *** authorize stub (no real OIDC in CI)	2025-08-19T15:25:51.1186040Z env:
jwt-smoke	Smoke *** authorize stub (no real OIDC in CI)	2025-08-19T15:25:51.1186469Z   DOCKER_BUILDKIT: 1
jwt-smoke	Smoke *** authorize stub (no real OIDC in CI)	2025-08-19T15:25:51.1186839Z   TOKEN: ***
jwt-smoke	Smoke *** authorize stub (no real OIDC in CI)	2025-08-19T15:25:51.1187123Z ##[endgroup]
jwt-smoke	Smoke *** authorize stub (no real OIDC in CI)	2025-08-19T15:25:51.1324192Z {"allow":false,"reason":"invalid token"}
jwt-smoke	Teardown	∩╗┐2025-08-19T15:25:51.1348494Z ##[group]Run docker compose -f ci-smoke.yml --project-name ci-smoke down -v
jwt-smoke	Teardown	2025-08-19T15:25:51.1349003Z [36;1mdocker compose -f ci-smoke.yml --project-name ci-smoke down -v[0m
jwt-smoke	Teardown	2025-08-19T15:25:51.1389611Z shell: /usr/bin/bash -e {0}
jwt-smoke	Teardown	2025-08-19T15:25:51.1389837Z env:
jwt-smoke	Teardown	2025-08-19T15:25:51.1390003Z   DOCKER_BUILDKIT: 1
jwt-smoke	Teardown	2025-08-19T15:25:51.1390195Z ##[endgroup]
jwt-smoke	Teardown	2025-08-19T15:25:51.2285709Z  Container ci-smoke-auth-service-1  Stopping
jwt-smoke	Teardown	2025-08-19T15:25:51.5479266Z  Container ci-smoke-auth-service-1  Stopped
jwt-smoke	Teardown	2025-08-19T15:25:51.5480566Z  Container ci-smoke-auth-service-1  Removing
jwt-smoke	Teardown	2025-08-19T15:25:51.5523823Z  Container ci-smoke-auth-service-1  Removed
jwt-smoke	Teardown	2025-08-19T15:25:51.5524375Z  Container ci-smoke-postgres-1  Stopping
jwt-smoke	Teardown	2025-08-19T15:25:51.5525486Z  Container ci-smoke-redis-1  Stopping
jwt-smoke	Teardown	2025-08-19T15:25:51.6767457Z  Container ci-smoke-postgres-1  Stopped
jwt-smoke	Teardown	2025-08-19T15:25:51.6768070Z  Container ci-smoke-postgres-1  Removing
jwt-smoke	Teardown	2025-08-19T15:25:51.7145257Z  Container ci-smoke-postgres-1  Removed
jwt-smoke	Teardown	2025-08-19T15:25:51.7354832Z  Container ci-smoke-redis-1  Stopped
jwt-smoke	Teardown	2025-08-19T15:25:51.7355552Z  Container ci-smoke-redis-1  Removing
jwt-smoke	Teardown	2025-08-19T15:25:51.7410168Z  Container ci-smoke-redis-1  Removed
jwt-smoke	Teardown	2025-08-19T15:25:51.7417408Z  Network ci-smoke_default  Removing
jwt-smoke	Teardown	2025-08-19T15:25:51.8302221Z  Network ci-smoke_default  Removed
jwt-smoke	Post Run actions/checkout@v4	∩╗┐2025-08-19T15:25:51.8405381Z Post job cleanup.
jwt-smoke	Post Run actions/checkout@v4	2025-08-19T15:25:51.9332406Z [command]/usr/bin/git version
jwt-smoke	Post Run actions/checkout@v4	2025-08-19T15:25:51.9372763Z git version 2.50.1
jwt-smoke	Post Run actions/checkout@v4	2025-08-19T15:25:51.9421181Z Temporarily overriding HOME='/home/runner/work/_temp/c86d41be-c05d-4542-a17e-13ed959bd75a' before making global git config changes
jwt-smoke	Post Run actions/checkout@v4	2025-08-19T15:25:51.9422468Z Adding repository directory to the temporary git global config as a safe directory
jwt-smoke	Post Run actions/checkout@v4	2025-08-19T15:25:51.9427983Z [command]/usr/bin/git config --global --add safe.directory /home/runner/work/systemupdate-web/systemupdate-web
jwt-smoke	Post Run actions/checkout@v4	2025-08-19T15:25:51.9464494Z [command]/usr/bin/git config --local --name-only --get-regexp core\.sshCommand
jwt-smoke	Post Run actions/checkout@v4	2025-08-19T15:25:51.9497341Z [command]/usr/bin/git submodule foreach --recursive sh -c "git config --local --name-only --get-regexp 'core\.sshCommand' && git config --local --unset-all 'core.sshCommand' || :"
jwt-smoke	Post Run actions/checkout@v4	2025-08-19T15:25:51.9713717Z fatal: No url found for submodule path 'systemupdate-policies' in .gitmodules
jwt-smoke	Post Run actions/checkout@v4	2025-08-19T15:25:51.9764052Z ##[warning]The process '/usr/bin/git' failed with exit code 128
jwt-smoke	Complete job	∩╗┐2025-08-19T15:25:51.9844385Z Cleaning up orphan processes
